[    0.000000] Initializing cgroup subsys cpuset
[    0.000000] Initializing cgroup subsys cpu
[    0.000000] Initializing cgroup subsys cpuacct
[    0.000000] Linux version 4.4.0-184-generic (buildd@lgw01-amd64-060) (gcc version 5.4.0 20160609 (Ubuntu 5.4.0-6ubuntu1~16.04.12) ) #214-Ubuntu SMP Thu Jun 4 10:14:11 UTC 2020 (Ubuntu 4.4.0-184.214-generic 4.4.223)
[    0.000000] Command line: BOOT_IMAGE=/boot/vmlinuz-4.4.0-184-generic root=LABEL=cloudimg-rootfs ro console=tty1 console=ttyS0
[    0.000000] KERNEL supported cpus:
[    0.000000]   Intel GenuineIntel
[    0.000000]   AMD AuthenticAMD
[    0.000000]   Centaur CentaurHauls
[    0.000000] x86/fpu: xstate_offset[2]:  576, xstate_sizes[2]:  256
[    0.000000] x86/fpu: Supporting XSAVE feature 0x01: 'x87 floating point registers'
[    0.000000] x86/fpu: Supporting XSAVE feature 0x02: 'SSE registers'
[    0.000000] x86/fpu: Supporting XSAVE feature 0x04: 'AVX registers'
[    0.000000] x86/fpu: Enabled xstate features 0x7, context size is 832 bytes, using 'standard' format.
[    0.000000] e820: BIOS-provided physical RAM map:
[    0.000000] BIOS-e820: [mem 0x0000000000000000-0x000000000009fbff] usable
[    0.000000] BIOS-e820: [mem 0x000000000009fc00-0x000000000009ffff] reserved
[    0.000000] BIOS-e820: [mem 0x00000000000f0000-0x00000000000fffff] reserved
[    0.000000] BIOS-e820: [mem 0x0000000000100000-0x000000003ffeffff] usable
[    0.000000] BIOS-e820: [mem 0x000000003fff0000-0x000000003fffffff] ACPI data
[    0.000000] BIOS-e820: [mem 0x00000000fec00000-0x00000000fec00fff] reserved
[    0.000000] BIOS-e820: [mem 0x00000000fee00000-0x00000000fee00fff] reserved
[    0.000000] BIOS-e820: [mem 0x00000000fffc0000-0x00000000ffffffff] reserved
[    0.000000] NX (Execute Disable) protection: active
[    0.000000] SMBIOS 2.5 present.
[    0.000000] Hypervisor detected: KVM
[    0.000000] e820: last_pfn = 0x3fff0 max_arch_pfn = 0x400000000
[    0.000000] MTRR: Disabled
[    0.000000] x86/PAT: MTRRs disabled, skipping PAT initialization too.
[    0.000000] CPU MTRRs all blank - virtualized system.
[    0.000000] x86/PAT: Configuration [0-7]: WB  WT  UC- UC  WB  WT  UC- UC  
[    0.000000] found SMP MP-table at [mem 0x0009fff0-0x0009ffff] mapped at [ffff88000009fff0]
[    0.000000] Scanning 1 areas for low memory corruption
[    0.000000] RAMDISK: [mem 0x362de000-0x37166fff]
[    0.000000] ACPI: Early table checksum verification disabled
[    0.000000] ACPI: RSDP 0x00000000000E0000 000024 (v02 VBOX  )
[    0.000000] ACPI: XSDT 0x000000003FFF0030 00003C (v01 VBOX   VBOXXSDT 00000001 ASL  00000061)
[    0.000000] ACPI: FACP 0x000000003FFF00F0 0000F4 (v04 VBOX   VBOXFACP 00000001 ASL  00000061)
[    0.000000] ACPI: DSDT 0x000000003FFF0470 002325 (v02 VBOX   VBOXBIOS 00000002 INTL 20100528)
[    0.000000] ACPI: FACS 0x000000003FFF0200 000040
[    0.000000] ACPI: FACS 0x000000003FFF0200 000040
[    0.000000] ACPI: APIC 0x000000003FFF0240 00005C (v02 VBOX   VBOXAPIC 00000001 ASL  00000061)
[    0.000000] ACPI: SSDT 0x000000003FFF02A0 0001CC (v01 VBOX   VBOXCPUT 00000002 INTL 20100528)
[    0.000000] No NUMA configuration found
[    0.000000] Faking a node at [mem 0x0000000000000000-0x000000003ffeffff]
[    0.000000] NODE_DATA(0) allocated [mem 0x3ffeb000-0x3ffeffff]
[    0.000000] kvm-clock: Using msrs 4b564d01 and 4b564d00
[    0.000000] kvm-clock: cpu 0, msr 0:3ffe3001, primary cpu clock
[    0.000000] kvm-clock: using sched offset of 5675286835 cycles
[    0.000000] clocksource: kvm-clock: mask: 0xffffffffffffffff max_cycles: 0x1cd42e4dffb, max_idle_ns: 881590591483 ns
[    0.000000] Zone ranges:
[    0.000000]   DMA      [mem 0x0000000000001000-0x0000000000ffffff]
[    0.000000]   DMA32    [mem 0x0000000001000000-0x000000003ffeffff]
[    0.000000]   Normal   empty
[    0.000000]   Device   empty
[    0.000000] Movable zone start for each node
[    0.000000] Early memory node ranges
[    0.000000]   node   0: [mem 0x0000000000001000-0x000000000009efff]
[    0.000000]   node   0: [mem 0x0000000000100000-0x000000003ffeffff]
[    0.000000] Initmem setup node 0 [mem 0x0000000000001000-0x000000003ffeffff]
[    0.000000] ACPI: PM-Timer IO Port: 0x4008
[    0.000000] IOAPIC[0]: apic_id 2, version 32, address 0xfec00000, GSI 0-23
[    0.000000] ACPI: INT_SRC_OVR (bus 0 bus_irq 0 global_irq 2 dfl dfl)
[    0.000000] ACPI: INT_SRC_OVR (bus 0 bus_irq 9 global_irq 9 low level)
[    0.000000] Using ACPI (MADT) for SMP configuration information
[    0.000000] smpboot: Allowing 2 CPUs, 0 hotplug CPUs
[    0.000000] PM: Registered nosave memory: [mem 0x00000000-0x00000fff]
[    0.000000] PM: Registered nosave memory: [mem 0x0009f000-0x0009ffff]
[    0.000000] PM: Registered nosave memory: [mem 0x000a0000-0x000effff]
[    0.000000] PM: Registered nosave memory: [mem 0x000f0000-0x000fffff]
[    0.000000] e820: [mem 0x40000000-0xfebfffff] available for PCI devices
[    0.000000] Booting paravirtualized kernel on KVM
[    0.000000] clocksource: refined-jiffies: mask: 0xffffffff max_cycles: 0xffffffff, max_idle_ns: 7645519600211568 ns
[    0.000000] setup_percpu: NR_CPUS:512 nr_cpumask_bits:512 nr_cpu_ids:2 nr_node_ids:1
[    0.000000] PERCPU: Embedded 33 pages/cpu @ffff88003fc00000 s95448 r8192 d31528 u1048576
[    0.000000] Built 1 zonelists in Node order, mobility grouping on.  Total pages: 257912
[    0.000000] Policy zone: DMA32
[    0.000000] Kernel command line: BOOT_IMAGE=/boot/vmlinuz-4.4.0-184-generic root=LABEL=cloudimg-rootfs ro console=tty1 console=ttyS0
[    0.000000] PID hash table entries: 4096 (order: 3, 32768 bytes)
[    0.000000] Memory: 997664K/1048120K available (8632K kernel code, 1336K rwdata, 4036K rodata, 1492K init, 1292K bss, 50456K reserved, 0K cma-reserved)
[    0.000000] SLUB: HWalign=64, Order=0-3, MinObjects=0, CPUs=2, Nodes=1
[    0.000000] Kernel/User page tables isolation: enabled
[    0.000000] Hierarchical RCU implementation.
[    0.000000] 	Build-time adjustment of leaf fanout to 64.
[    0.000000] 	RCU restricting CPUs from NR_CPUS=512 to nr_cpu_ids=2.
[    0.000000] RCU: Adjusting geometry for rcu_fanout_leaf=64, nr_cpu_ids=2
[    0.000000] NR_IRQS:33024 nr_irqs:440 16
[    0.000000] Console: colour VGA+ 80x25
[    0.000000] console [tty1] enabled
[    0.000000] console [ttyS0] enabled
[    0.000000] tsc: Detected 2394.460 MHz processor
[    0.439724] Calibrating delay loop (skipped) preset value.. 4788.92 BogoMIPS (lpj=9577840)
[    0.444708] pid_max: default: 32768 minimum: 301
[    0.447320] ACPI: Core revision 20150930
[    0.455269] ACPI: 2 ACPI AML tables successfully acquired and loaded
[    0.458279] Security Framework initialized
[    0.460317] Yama: becoming mindful.
[    0.462128] AppArmor: AppArmor initialized
[    0.464302] Dentry cache hash table entries: 131072 (order: 8, 1048576 bytes)
[    0.472643] Inode-cache hash table entries: 65536 (order: 7, 524288 bytes)
[    0.475994] Mount-cache hash table entries: 2048 (order: 2, 16384 bytes)
[    0.478991] Mountpoint-cache hash table entries: 2048 (order: 2, 16384 bytes)
[    0.482243] Initializing cgroup subsys io
[    0.484140] Initializing cgroup subsys memory
[    0.486586] Initializing cgroup subsys devices
[    0.488793] Initializing cgroup subsys freezer
[    0.490944] Initializing cgroup subsys net_cls
[    0.493396] Initializing cgroup subsys perf_event
[    0.497433] Initializing cgroup subsys net_prio
[    0.500300] Initializing cgroup subsys hugetlb
[    0.502969] Initializing cgroup subsys pids
[    0.506911] mce: CPU supports 0 MCE banks
[    0.509227] Last level iTLB entries: 4KB 64, 2MB 8, 4MB 8
[    0.511518] Last level dTLB entries: 4KB 64, 2MB 0, 4MB 0, 1GB 4
[    0.514271] Spectre V1 : Mitigation: usercopy/swapgs barriers and __user pointer sanitization
[    0.518622] Spectre V2 : Mitigation: Full generic retpoline
[    0.521174] Spectre V2 : Spectre v2 / SpectreRSB mitigation: Filling RSB on context switch
[    0.525180] Speculative Store Bypass: Vulnerable
[    0.527313] SRBDS: Unknown: Dependent on hypervisor status
[    0.529859] MDS: Vulnerable: Clear CPU buffers attempted, no microcode
[    0.539251] Freeing SMP alternatives memory: 36K
[    0.554629] ftrace: allocating 32319 entries in 127 pages
[    0.703181] smpboot: APIC(0) Converting physical 0 to logical package 0
[    0.707337] smpboot: Max logical packages: 1
[    0.710267] x2apic enabled
[    0.712573] Switched APIC routing to physical x2apic.
[    0.718036] ..TIMER: vector=0x30 apic1=0 pin1=2 apic2=-1 pin2=-1
[    0.829194] smpboot: CPU0: Intel(R) Core(TM) i7-5500U CPU @ 2.40GHz (family: 0x6, model: 0x3d, stepping: 0x4)
[    0.835375] Performance Events: unsupported p6 CPU model 61 no PMU driver, software events only.
[    0.860875] KVM setup paravirtual spinlock
[    0.864407] x86: Booting SMP configuration:
[    0.867032] .... node  #0, CPUs:      #1
[    0.868992] kvm-clock: cpu 1, msr 0:3ffe3041, secondary cpu clock
[    0.874358] mce: CPU supports 0 MCE banks
[    0.878763] x86: Booted up 1 node, 2 CPUs
[    0.881435] smpboot: Total of 2 processors activated (9577.84 BogoMIPS)
[    0.886613] devtmpfs: initialized
[    0.903921] evm: security.selinux
[    0.906303] evm: security.SMACK64
[    0.908028] evm: security.SMACK64EXEC
[    0.909908] evm: security.SMACK64TRANSMUTE
[    0.912075] evm: security.SMACK64MMAP
[    0.913966] evm: security.ima
[    0.915562] evm: security.capability
[    0.917762] clocksource: jiffies: mask: 0xffffffff max_cycles: 0xffffffff, max_idle_ns: 7645041785100000 ns
[    0.924461] futex hash table entries: 512 (order: 3, 32768 bytes)
[    0.927985] pinctrl core: initialized pinctrl subsystem
[    0.930959] RTC time: 17:23:23, date: 06/23/20
[    0.933734] NET: Registered protocol family 16
[    0.947196] cpuidle: using governor ladder
[    0.963873] cpuidle: using governor menu
[    0.966512] PCCT header not found.
[    0.970094] ACPI: bus type PCI registered
[    0.972489] acpiphp: ACPI Hot Plug PCI Controller Driver version: 0.5
[    0.975533] PCI: Using configuration type 1 for base access
[    0.991785] ACPI: Added _OSI(Module Device)
[    0.994131] ACPI: Added _OSI(Processor Device)
[    0.996630] ACPI: Added _OSI(3.0 _SCP Extensions)
[    0.999175] ACPI: Added _OSI(Processor Aggregator Device)
[    1.004568] ACPI: Executed 1 blocks of module-level executable AML code
[    1.015017] ACPI: Interpreter enabled
[    1.016717] ACPI: (supports S0 S5)
[    1.019129] ACPI: Using IOAPIC for interrupt routing
[    1.022509] PCI: Using host bridge windows from ACPI; if necessary, use "pci=nocrs" and report a bug
[    1.043754] ACPI: PCI Root Bridge [PCI0] (domain 0000 [bus 00-ff])
[    1.047271] acpi PNP0A03:00: _OSC: OS supports [ASPM ClockPM Segments MSI]
[    1.053081] acpi PNP0A03:00: _OSC: not requesting OS control; OS requires [ExtendedConfig ASPM ClockPM MSI]
[    1.058822] acpi PNP0A03:00: fail to add MMCONFIG information, can't access extended PCI configuration space under this bridge.
[    1.065789] PCI host bridge to bus 0000:00
[    1.068519] pci_bus 0000:00: root bus resource [io  0x0000-0x0cf7 window]
[    1.071833] pci_bus 0000:00: root bus resource [io  0x0d00-0xffff window]
[    1.074779] pci_bus 0000:00: root bus resource [mem 0x000a0000-0x000bffff window]
[    1.079164] pci_bus 0000:00: root bus resource [mem 0x40000000-0xfdffffff window]
[    1.083138] pci_bus 0000:00: root bus resource [bus 00-ff]
[    1.094212] pci 0000:00:01.1: legacy IDE quirk: reg 0x10: [io  0x01f0-0x01f7]
[    1.098074] pci 0000:00:01.1: legacy IDE quirk: reg 0x14: [io  0x03f6]
[    1.101467] pci 0000:00:01.1: legacy IDE quirk: reg 0x18: [io  0x0170-0x0177]
[    1.139740] pci 0000:00:01.1: legacy IDE quirk: reg 0x1c: [io  0x0376]
[    1.180791] pci 0000:00:07.0: quirk: [io  0x4000-0x403f] claimed by PIIX4 ACPI
[    1.184565] pci 0000:00:07.0: quirk: [io  0x4100-0x410f] claimed by PIIX4 SMB
[    1.208623] ACPI: PCI Interrupt Link [LNKA] (IRQs 5 9 10 *11)
[    1.213056] ACPI: PCI Interrupt Link [LNKB] (IRQs 5 9 *10 11)
[    1.216651] ACPI: PCI Interrupt Link [LNKC] (IRQs 5 *9 10 11)
[    1.220340] ACPI: PCI Interrupt Link [LNKD] (IRQs 5 9 10 *11)
[    1.224481] ACPI: Enabled 2 GPEs in block 00 to 07
[    1.230875] vgaarb: setting as boot device: PCI:0000:00:02.0
[    1.233953] vgaarb: device added: PCI:0000:00:02.0,decodes=io+mem,owns=io+mem,locks=none
[    1.240142] vgaarb: loaded
[    1.246264] vgaarb: bridge control possible 0000:00:02.0
[    1.249990] SCSI subsystem initialized
[    1.252932] ACPI: bus type USB registered
[    1.255223] usbcore: registered new interface driver usbfs
[    1.258312] usbcore: registered new interface driver hub
[    1.261597] usbcore: registered new device driver usb
[    1.264945] PCI: Using ACPI for IRQ routing
[    1.272643] NetLabel: Initializing
[    1.275065] NetLabel:  domain hash size = 128
[    1.278018] NetLabel:  protocols = UNLABELED CIPSOv4
[    1.280940] NetLabel:  unlabeled traffic allowed by default
[    1.285369] amd_nb: Cannot enumerate AMD northbridges
[    1.296793] clocksource: Switched to clocksource kvm-clock
[    1.333552] AppArmor: AppArmor Filesystem Enabled
[    1.336733] pnp: PnP ACPI init
[    1.341399] pnp: PnP ACPI: found 3 devices
[    1.357189] clocksource: acpi_pm: mask: 0xffffff max_cycles: 0xffffff, max_idle_ns: 2085701024 ns
[    1.361505] NET: Registered protocol family 2
[    1.364481] TCP established hash table entries: 8192 (order: 4, 65536 bytes)
[    1.368815] TCP bind hash table entries: 8192 (order: 5, 131072 bytes)
[    1.372435] TCP: Hash tables configured (established 8192 bind 8192)
[    1.376026] UDP hash table entries: 512 (order: 2, 16384 bytes)
[    1.380213] UDP-Lite hash table entries: 512 (order: 2, 16384 bytes)
[    1.383995] NET: Registered protocol family 1
[    1.386770] pci 0000:00:00.0: Limiting direct PCI/PCI transfers
[    1.389592] pci 0000:00:01.0: Activating ISA DMA hang workarounds
[    1.392490] Unpacking initramfs...
[    2.183128] Freeing initrd memory: 14884K
[    2.193718] RAPL PMU detected, API unit is 2^-32 Joules, 4 fixed counters 10737418240 ms ovfl timer
[    2.206876] hw unit of domain pp0-core 2^-0 Joules
[    2.209811] hw unit of domain package 2^-0 Joules
[    2.214206] hw unit of domain dram 2^-0 Joules
[    2.216987] hw unit of domain pp1-gpu 2^-0 Joules
[    2.226317] clocksource: tsc: mask: 0xffffffffffffffff max_cycles: 0x2283c649547, max_idle_ns: 440795304016 ns
[    2.234069] platform rtc_cmos: registered platform RTC device (no PNP device found)
[    2.245253] Scanning for low memory corruption every 60 seconds
[    2.250316] audit: initializing netlink subsys (disabled)
[    2.258737] audit: type=2000 audit(1592933011.998:1): initialized
[    2.263174] Initialise system trusted keyring
[    2.266829] HugeTLB registered 2 MB page size, pre-allocated 0 pages
[    2.278746] zbud: loaded
[    2.281407] VFS: Disk quotas dquot_6.6.0
[    2.284163] VFS: Dquot-cache hash table entries: 512 (order 0, 4096 bytes)
[    2.293929] squashfs: version 4.0 (2009/01/31) Phillip Lougher
[    2.298080] fuse init (API version 7.23)
[    2.300577] Key type big_key registered
[    2.304357] Allocating IMA MOK and blacklist keyrings.
[    2.313794] Key type asymmetric registered
[    2.317014] Asymmetric key parser 'x509' registered
[    2.323150] Block layer SCSI generic (bsg) driver version 0.4 loaded (major 249)
[    2.330182] io scheduler noop registered
[    2.334022] io scheduler deadline registered (default)
[    2.339130] io scheduler cfq registered
[    2.344622] pci_hotplug: PCI Hot Plug PCI Core version: 0.5
[    2.348903] pciehp: PCI Express Hot Plug Controller Driver version: 0.4
[    2.357890] ACPI: AC Adapter [AC] (on-line)
[    2.361885] input: Power Button as /devices/LNXSYSTM:00/LNXPWRBN:00/input/input0
[    2.367676] ACPI: Power Button [PWRF]
[    2.374477] input: Sleep Button as /devices/LNXSYSTM:00/LNXSLPBN:00/input/input1
[    2.387340] ACPI: Sleep Button [SLPF]
[    2.395918] GHES: HEST is not enabled!
[    2.398944] ACPI: Battery Slot [BAT0] (battery present)
[    2.409717] Serial: 8250/16550 driver, 32 ports, IRQ sharing enabled
[    2.439626] 00:02: ttyS0 at I/O 0x3f8 (irq = 4, base_baud = 115200) is a 16550A
[    2.460927] Linux agpgart interface v0.103
[    2.480014] loop: module loaded
[    2.483900] scsi host0: ata_piix
[    2.489614] scsi host1: ata_piix
[    2.493830] ata1: PATA max UDMA/33 cmd 0x1f0 ctl 0x3f6 bmdma 0xd000 irq 14
[    2.498155] ata2: PATA max UDMA/33 cmd 0x170 ctl 0x376 bmdma 0xd008 irq 15
[    2.503245] libphy: Fixed MDIO Bus: probed
[    2.506860] tun: Universal TUN/TAP device driver, 1.6
[    2.512954] tun: (C) 1999-2004 Max Krasnyansky <maxk@qualcomm.com>
[    2.518957] PPP generic driver version 2.4.2
[    2.526753] ehci_hcd: USB 2.0 'Enhanced' Host Controller (EHCI) Driver
[    2.531074] ehci-pci: EHCI PCI platform driver
[    2.538273] ehci-platform: EHCI generic platform driver
[    2.541947] ohci_hcd: USB 1.1 'Open' Host Controller (OHCI) Driver
[    2.546369] ohci-pci: OHCI PCI platform driver
[    2.549662] ohci-platform: OHCI generic platform driver
[    2.553114] uhci_hcd: USB Universal Host Controller Interface driver
[    2.556925] i8042: PNP: PS/2 Controller [PNP0303:PS2K,PNP0f03:PS2M] at 0x60,0x64 irq 1,12
[    2.563171] serio: i8042 KBD port at 0x60,0x64 irq 1
[    2.565483] serio: i8042 AUX port at 0x60,0x64 irq 12
[    2.568522] mousedev: PS/2 mouse device common for all mice
[    2.572683] rtc_cmos rtc_cmos: rtc core: registered rtc_cmos as rtc0
[    2.575634] input: AT Translated Set 2 keyboard as /devices/platform/i8042/serio0/input/input2
[    2.581737] rtc_cmos rtc_cmos: alarms up to one day, 114 bytes nvram
[    2.586020] i2c /dev entries driver
[    2.588692] device-mapper: uevent: version 1.0.3
[    2.592177] device-mapper: ioctl: 4.34.0-ioctl (2015-10-28) initialised: dm-devel@redhat.com
[    2.597875] ledtrig-cpu: registered to indicate activity on CPUs
[    2.602573] NET: Registered protocol family 10
[    2.605064] NET: Registered protocol family 17
[    2.607230] Key type dns_resolver registered
[    2.610187] registered taskstats version 1
[    2.612231] Loading compiled-in X.509 certificates
[    2.615467] Loaded X.509 cert 'Build time autogenerated kernel key: b6ae09eed57f82583ccd3c65c463e852cdd7a0b5'
[    2.620756] zswap: loaded using pool lzo/zbud
[    2.626256] Key type trusted registered
[    2.633986] Key type encrypted registered
[    2.636113] AppArmor: AppArmor sha1 policy hashing enabled
[    2.638677] ima: No TPM chip found, activating TPM-bypass!
[    2.641006] ima: Allocated hash algorithm: sha1
[    2.643471] evm: HMAC attrs: 0x1
[    2.647663]   Magic number: 8:355:391
[    2.650227] rtc_cmos rtc_cmos: setting system clock to 2020-06-23 17:23:25 UTC (1592933005)
[    2.654726] BIOS EDD facility v0.16 2004-Jun-25, 0 devices found
[    2.657784] EDD information not available.
[    2.691613] Freeing unused kernel memory: 1492K
[    2.693968] Write protecting the kernel read-only data: 14336k
[    2.697599] Freeing unused kernel memory: 1596K
[    2.700058] Freeing unused kernel memory: 60K
Loading, please wait...
starting version 229
[    2.727446] random: systemd-udevd: uninitialized urandom read (16 bytes read, 5 bits of entropy available)
[    2.733440] random: systemd-udevd: uninitialized urandom read (16 bytes read, 5 bits of entropy available)
[    2.733854] random: udevadm: uninitialized urandom read (16 bytes read, 5 bits of entropy available)
[    2.733898] random: udevadm: uninitialized urandom read (16 bytes read, 5 bits of entropy available)
[    2.756094] random: systemd-udevd: uninitialized urandom read (16 bytes read, 5 bits of entropy available)
[    2.758716] random: udevadm: uninitialized urandom read (16 bytes read, 5 bits of entropy available)
[    2.758802] random: udevadm: uninitialized urandom read (16 bytes read, 5 bits of entropy available)
[    2.759102] random: udevadm: uninitialized urandom read (16 bytes read, 5 bits of entropy available)
[    2.759241] random: udevadm: uninitialized urandom read (16 bytes read, 5 bits of entropy available)
[    2.759353] random: udevadm: uninitialized urandom read (16 bytes read, 5 bits of entropy available)
[    2.868224] Fusion MPT base driver 3.04.20
[    2.870777] Copyright (c) 1999-2008 LSI Corporation
[    2.899271] Fusion MPT SPI Host driver 3.04.20
[    2.916146] mptbase: ioc0: Initiating bringup
[    2.923869] e1000: Intel(R) PRO/1000 Network Driver - version 7.3.21-k8-NAPI
[    2.929823] e1000: Copyright (c) 1999-2006 Intel Corporation.
[    2.983202] ioc0: LSI53C1030 A0: Capabilities={Initiator}
[    2.990673] AVX2 version of gcm_enc/dec engaged.
[    2.993151] AES CTR mode by8 optimization enabled
[    3.198204] input: ImExPS/2 Generic Explorer Mouse as /devices/platform/i8042/serio1/input/input4
[    3.820670] scsi host2: ioc0: LSI53C1030 A0, FwRev=00000000h, Ports=1, MaxQ=256, IRQ=20
[    5.022529] scsi 2:0:0:0: Direct-Access     VBOX     HARDDISK         1.0  PQ: 0 ANSI: 5
[    5.036706] scsi target2:0:0: Beginning Domain Validation
[    5.053577] scsi target2:0:0: Domain Validation skipping write tests
[    5.065997] scsi target2:0:0: Ending Domain Validation
[    5.071875] scsi target2:0:0: asynchronous
[    5.077534] scsi 2:0:1:0: Direct-Access     VBOX     HARDDISK         1.0  PQ: 0 ANSI: 5
[    5.132172] scsi target2:0:1: Beginning Domain Validation
[    5.139336] scsi target2:0:1: Domain Validation skipping write tests
[    5.142556] scsi target2:0:1: Ending Domain Validation
[    5.145844] scsi target2:0:1: asynchronous
[    5.166713] sd 2:0:0:0: Attached scsi generic sg0 type 0
[    5.171348] sd 2:0:1:0: Attached scsi generic sg1 type 0
[    5.171374] sd 2:0:0:0: [sda] 20971520 512-byte logical blocks: (10.7 GB/10.0 GiB)
[    5.171425] sd 2:0:1:0: [sdb] 20480 512-byte logical blocks: (10.5 MB/10.0 MiB)
[    5.171689] sd 2:0:0:0: [sda] Write Protect is off
[    5.171782] sd 2:0:1:0: [sdb] Write Protect is off
[    5.171949] sd 2:0:0:0: [sda] Incomplete mode parameter data
[    5.171953] sd 2:0:0:0: [sda] Assuming drive cache: write through
[    5.172354] sd 2:0:1:0: [sdb] Incomplete mode parameter data
[    5.172358] sd 2:0:1:0: [sdb] Assuming drive cache: write through
[    5.232924]  sda: sda1
[    5.237921] sd 2:0:0:0: [sda] Attached SCSI disk
[    5.250415] sd 2:0:1:0: [sdb] Attached SCSI disk
[    5.549552] e1000 0000:00:03.0 eth0: (PCI:33MHz:32-bit) 02:89:fa:04:16:8f
[    5.552656] e1000 0000:00:03.0 eth0: Intel(R) PRO/1000 Network Connection
[    6.102079] e1000 0000:00:08.0 eth1: (PCI:33MHz:32-bit) 08:00:27:7a:5d:52
[    6.105204] e1000 0000:00:08.0 eth1: Intel(R) PRO/1000 Network Connection
[    6.109858] e1000 0000:00:03.0 enp0s3: renamed from eth0
[    6.126990] e1000 0000:00:08.0 enp0s8: renamed from eth1
Begin: Loading essential drivers ... [    8.196467] md: linear personality registered for level -1
[    8.204320] md: multipath personality registered for level -4
[    8.212722] md: raid0 personality registered for level 0
[    8.227222] md: raid1 personality registered for level 1
[    8.309151] raid6: sse2x1   gen()  1975 MB/s
[    8.377038] raid6: sse2x1   xor()  1370 MB/s
[    8.444903] raid6: sse2x2   gen()  3597 MB/s
[    8.513274] raid6: sse2x2   xor()  2638 MB/s
[    8.580768] raid6: sse2x4   gen()  5615 MB/s
[    8.648974] raid6: sse2x4   xor()  3274 MB/s
[    8.717319] raid6: avx2x1   gen()  4950 MB/s
[    8.784793] raid6: avx2x2   gen()  8709 MB/s
[    8.853038] raid6: avx2x4   gen() 11222 MB/s
[    8.855277] raid6: using algorithm avx2x4 gen() 11222 MB/s
[    8.858138] raid6: using avx2x2 recovery algorithm
[    8.862457] xor: automatically using best checksumming function:
[    8.900944]    avx       : 13882.000 MB/sec
[    8.905581] async_tx: api initialized (async)
[    8.925517] md: raid6 personality registered for level 6
[    8.928504] md: raid5 personality registered for level 5
[    8.930991] md: raid4 personality registered for level 4
[    8.945203] md: raid10 personality registered for level 10
done.
Begin: Running /scripts/init-premount ... done.
Begin: Mounting root file system ... Begin: Running /scripts/local-top ... done.
Begin: Running /scripts/local-premount ... [    9.021193] Btrfs loaded
Scanning for Btrfs filesystems
done.
Warning: fsck not present, so skipping root file system
[    9.186587] EXT4-fs (sda1): mounted filesystem with ordered data mode. Opts: (null)
done.
Begin: Running /scripts/local-bottom ... done.
Begin: Running /scripts/init-bottom ... done.
[    9.891143] random: nonblocking pool is initialized
[   10.431891] systemd[1]: systemd 229 running in system mode. (+PAM +AUDIT +SELINUX +IMA +APPARMOR +SMACK +SYSVINIT +UTMP +LIBCRYPTSETUP +GCRYPT +GNUTLS +ACL +XZ -LZ4 +SECCOMP +BLKID +ELFUTILS +KMOD -IDN)
[   10.443556] systemd[1]: Detected virtualization oracle.
[   10.446782] systemd[1]: Detected architecture x86-64.

Welcome to [1mUbuntu 16.04.6 LTS[0m!

[   10.519327] systemd[1]: Set hostname to <ubuntu-xenial>.
[   12.567448] systemd[1]: Reached target User and Group Name Lookups.
[[0;32m  OK  [0m] Reached target User and Group Name Lookups.
[   12.572676] systemd[1]: Listening on Syslog Socket.
[[0;32m  OK  [0m] Listening on Syslog Socket.
[   12.576784] systemd[1]: Listening on Device-mapper event daemon FIFOs.
[[0;32m  OK  [0m] Listening on Device-mapper event daemon FIFOs.
[   12.590235] systemd[1]: Created slice System Slice.
[[0;32m  OK  [0m] Created slice System Slice.
[   12.595494] systemd[1]: Created slice system-serial\x2dgetty.slice.
[[0;32m  OK  [0m] Created slice system-serial\x2dgetty.slice.
[   12.601540] systemd[1]: Created slice User and Session Slice.
[[0;32m  OK  [0m] Created slice User and Session Slice.
[   12.606577] systemd[1]: Set up automount Arbitrary Executable File Formats File System Automount Point.
[[0;32m  OK  [0m] Set up automount Arbitrary Executab...ats File System Automount Point.
[   12.614324] systemd[1]: Reached target Swap.
[[0;32m  OK  [0m] Reached target Swap.
[   12.625656] systemd[1]: Reached target System Time Synchronized.
[[0;32m  OK  [0m] Reached target System Time Synchronized.
[   12.630846] systemd[1]: Listening on LVM2 poll daemon socket.
[[0;32m  OK  [0m] Listening on LVM2 poll daemon socket.
[   12.641307] systemd[1]: Listening on Journal Audit Socket.
[[0;32m  OK  [0m] Listening on Journal Audit Socket.
[   12.646266] systemd[1]: Listening on Journal Socket (/dev/log).
[[0;32m  OK  [0m] Listening on Journal Socket (/dev/log).
[   12.650593] systemd[1]: Started Trigger resolvconf update for networkd DNS.
[[0;32m  OK  [0m] Started Trigger resolvconf update for networkd DNS.
[   12.657037] systemd[1]: Listening on /dev/initctl Compatibility Named Pipe.
[[0;32m  OK  [0m] Listening on /dev/initctl Compatibility Named Pipe.
[   12.662807] systemd[1]: Listening on Journal Socket.
[[0;32m  OK  [0m] Listening on Journal Socket.
[   12.681011] systemd[1]: Starting Nameserver information manager...
         Starting Nameserver information manager...
[   12.691248] systemd[1]: Starting Set console keymap...
         Starting Set console keymap...
[   12.698840] systemd[1]: Starting Remount Root and Kernel File Systems...
         Starting Remount Root and Kernel File Systems...
[   12.714999] systemd[1]: Starting Create list of required static device nodes for the current kernel...
         Starting Create list of required st... nodes for the current kernel...
[   12.814056] systemd[1]: Starting Load Kernel Modules...
         Starting Load Kernel Modules...
[   12.822856] systemd[1]: Starting Uncomplicated firewall...
         Starting Uncomplicated firewall...
[   12.829783] systemd[1]: Mounting POSIX Message Queue File System...
         Mounting POSIX Message Queue File System...
[   12.841470] systemd[1]: Reached target Slices.
[[0;32m  OK  [0m] Reached target Slices.
[   12.856971] systemd[1]: Mounting Debug File System...
         Mounting Debug File System...
[   12.862877] systemd[1]: Starting Journal Service...
         Starting Journal Service...
[   12.869136] systemd[1]: Mounting Huge Pages File System...
         Mounting Huge Pages File System...
[   12.881615] systemd[1]: Listening on LVM2 metadata daemon socket.
[[0;32m  OK  [0m] Listening on LVM2 metadata daemon socket.
[   12.905864] systemd[1]: Starting Monitoring of LVM2 mirrors, snapshots etc. using dmeventd or progress polling...
         Starting Monitoring of LVM2 mirrors... dmeventd or progress polling...
[   12.961541] systemd[1]: Listening on udev Control Socket.
[[0;32m  OK  [0m] Listening on udev Control Socket.
[   12.984622] systemd[1]: Started Forward Password Requests to Wall Directory Watch.
[[0;32m  OK  [0m] Started Forward Password Requests to Wall Directory Watch.
[   12.997321] EXT4-fs (sda1): re-mounted. Opts: (null)
[   12.997343] systemd[1]: Reached target Encrypted Volumes.
[[0;32m  OK  [0m] Reached target Encrypted Volumes.
[   13.008462] systemd[1]: Listening on udev Kernel Socket.
[[0;32m  OK  [0m] Listening on udev Kernel Socket.
[   13.039544] systemd[1]: Mounted Huge Pages File System.
[[0;32m  OK  [0m] Mounted Huge Pages File System.
[   13.046380] systemd[1]: Mounted POSIX Message Queue File System.
[[0;32m  OK  [0m] Mounted POSIX Message Queue File System.
[   13.053172] systemd[1]: Mounted Debug File System.
[[0;32m  OK  [0m] Mounted Debug File System.
[   13.058552] Loading iSCSI transport class v2.0-870.
[   13.060371] systemd[1]: Started Remount Root and Kernel File Systems.
[[0;32m  OK  [0m] Started Remount Root and Kernel File Systems.
[   13.068554] systemd[1]: Started Create list of required static device nodes for the current kernel.
[[0;32m  OK  [0m] Started Create list of required sta...ce nodes for the current kernel.
[   13.075960] systemd[1]: Started Uncomplicated firewall.
[[0;32m  OK  [0m] Started Uncomplicated firewall.
[   13.083423] systemd[1]: Starting Create Static Device Nodes in /dev...
         Starting Create Static Device Nodes in /dev...
[   13.090583] systemd[1]: Starting Load/Save Random Seed...
         Starting Load/Save Random Seed...
[   13.197742] iscsi: registered transport (tcp)
[   13.285032] systemd[1]: Starting udev Coldplug all Devices...
         Starting udev Coldplug all Devices...
[   13.296666] systemd[1]: Started Nameserver information manager.
[[0;32m  OK  [0m] Started Nameserver information manager.
[   13.503535] systemd[1]: Started LVM2 metadata daemon.
[[0;32m  OK  [0m] Started LVM2 metadata daemon.
[   13.559072] systemd[1]: Started udev Coldplug all Devices.
[[0;32m  OK  [0m] Started udev Coldplug all Devices.
[   13.586711] systemd[1]: Started Load/Save Random Seed.
[[0;32m  OK  [0m] Started Load/Save Random Seed.
[   13.704794] iscsi: registered transport (iser)
[   13.709193] systemd[1]: Started Load Kernel Modules.
[[0;32m  OK  [0m] Started Load Kernel Modules.
[   13.737250] systemd[1]: Starting Apply Kernel Variables...
         Starting Apply Kernel Variables...
[   13.743141] systemd[1]: Mounting FUSE Control File System...
         Mounting FUSE Control File System...
[   13.758283] systemd[1]: Mounted FUSE Control File System.
[[0;32m  OK  [0m] Mounted FUSE Control File System.
[   13.822788] systemd[1]: Started Set console keymap.
[[0;32m  OK  [0m] Started Set console keymap.
[   14.008047] systemd[1]: Started Monitoring of LVM2 mirrors, snapshots etc. using dmeventd or progress polling.
[[0;32m  OK  [0m] Started Monitoring of LVM2 mirrors,...ng dmeventd or progress polling.
[   14.023414] systemd[1]: Started Create Static Device Nodes in /dev.
[[0;32m  OK  [0m] Started Create Static Device Nodes in /dev.
[   14.041194] systemd[1]: Starting udev Kernel Device Manager...
         Starting udev Kernel Device Manager...
[   14.053650] systemd[1]: Reached target Local File Systems (Pre).
[[0;32m  OK  [0m] Reached target Local File Systems (Pre).
[   14.058892] systemd[1]: Reached target Local File Systems.
[[0;32m  OK  [0m] Reached target Local File Systems.
[   14.085903] systemd[1]: Starting Initial cloud-init job (pre-networking)...
         Starting Initial cloud-init job (pre-networking)...
[   14.098624] systemd[1]: Starting Set console font and keymap...
         Starting Set console font and keymap...
[   14.105320] systemd[1]: Starting LSB: AppArmor initialization...
         Starting LSB: AppArmor initialization...
[   14.114655] systemd[1]: Starting Tell Plymouth To Write Out Runtime Data...
         Starting Tell Plymouth To Write Out Runtime Data...
[   14.125023] systemd[1]: Started Journal Service.
[[0;32m  OK  [0m] Started Journal Service.
         Starting Flush Journal to Persistent Storage...
[[0;32m  OK  [0m] Started Apply Kernel Variables.
[[0;32m  OK  [0m] Started Flush Journal to Persistent Storage.
         Starting Create Volatile Files and Directories...
[[0;32m  OK  [0m] Started Tell Plymouth To Write Out Runtime Data.
[[0;32m  OK  [0m] Started Create Volatile Files and Directories.
         Starting Update UTMP about System Boot/Shutdown...
[[0;32m  OK  [0m] Started udev Kernel Device Manager.
[[0;32m  OK  [0m] Started Dispatch Password Requests to Console Directory Watch.
[[0;32m  OK  [0m] Started Update UTMP about System Boot/Shutdown.
[[0;32m  OK  [0m] Found device /dev/ttyS0.
[[0;32m  OK  [0m] Listening on Load/Save RF Kill Switch Status /dev/rfkill Watch.
[[0;32m  OK  [0m] Found device 82540EM Gigabit Ethern...r (PRO/1000 MT Desktop Adapter).
[[0;32m  OK  [0m] Found device 82540EM Gigabit Ethern...r (PRO/1000 MT Desktop Adapter).
[[0;32m  OK  [0m] Started LSB: AppArmor initialization.
[[0;32m  OK  [0m] Started Set console font and keymap.
[[0;32m  OK  [0m] Created slice system-getty.slice.
[   23.950747] cloud-init[452]: Cloud-init v. 19.4-33-gbb4131a2-0ubuntu1~16.04.1 running 'init-local' at Tue, 23 Jun 2020 17:23:46 +0000. Up 22.88 seconds.
[[0;32m  OK  [0m] Started Initial cloud-init job (pre-networking).
[[0;32m  OK  [0m] Reached target Network (Pre).
[[0;32m  OK  [0m] Started ifup for enp0s8.
         Starting Raise network interfaces...
[[0;32m  OK  [0m] Started ifup for enp0s3.
[[0;32m  OK  [0m] Started Raise network interfaces.
         Starting Initial cloud-init job (metadata service crawler)...
[[0;32m  OK  [0m] Reached target Network.
[   26.800238] cloud-init[1079]: Cloud-init v. 19.4-33-gbb4131a2-0ubuntu1~16.04.1 running 'init' at Tue, 23 Jun 2020 17:23:48 +0000. Up 25.50 seconds.
[   26.804999] cloud-init[1079]: ci-info: ++++++++++++++++++++++++++++++++++++++Net device info+++++++++++++++++++++++++++++++++++++++
[   26.809046] cloud-init[1079]: ci-info: +--------+------+-----------------------------+---------------+--------+-------------------+
[   26.813057] cloud-init[1079]: ci-info: | Device |  Up  |           Address           |      Mask     | Scope  |     Hw-Address    |
[   26.817694] cloud-init[1079]: ci-info: +--------+------+-----------------------------+---------------+--------+-------------------+
[   26.821714] cloud-init[1079]: ci-info: | enp0s3 | True |          10.0.2.15          | 255.255.255.0 | global | 02:89:fa:04:16:8f |
[   26.825992] cloud-init[1079]: ci-info: | enp0s3 | True |  fe80::89:faff:fe04:168f/64 |       .       |  link  | 02:89:fa:04:16:8f |
[   26.837315] cloud-init[1079]: ci-info: | enp0s8 | True |        192.168.10.150       | 255.255.255.0 | global | 08:00:27:7a:5d:52 |
[   26.843059] cloud-init[1079]: ci-info: | enp0s8 | True | fe80::a00:27ff:fe7a:5d52/64 |       .       |  link  | 08:00:27:7a:5d:52 |
[   26.847975] cloud-init[1079]: ci-info: |   lo   | True |          127.0.0.1          |   255.0.0.0   |  host  |         .         |
[   26.858862] cloud-init[1079]: ci-info: |   lo   | True |           ::1/128           |       .       |  host  |         .         |
[   26.868858] cloud-init[1079]: ci-info: +--------+------+-----------------------------+---------------+--------+-------------------+
[   26.873183] cloud-init[1079]: ci-info: ++++++++++++++++++++++++++++Route IPv4 info++++++++++++++++++++++++++++
[   26.878858] cloud-init[1079]: ci-info: +-------+--------------+----------+---------------+-----------+-------+
[   26.882955] cloud-init[1079]: ci-info: | Route | Destination  | Gateway  |    Genmask    | Interface | Flags |
[   26.887629] cloud-init[1079]: ci-info: +-------+--------------+----------+---------------+-----------+-------+
[   26.893658] cloud-init[1079]: ci-info: |   0   |   0.0.0.0    | 10.0.2.2 |    0.0.0.0    |   enp0s3  |   UG  |
[   26.897003] cloud-init[1079]: ci-info: |   1   |   10.0.2.0   | 0.0.0.0  | 255.255.255.0 |   enp0s3  |   U   |
[   26.900836] cloud-init[1079]: ci-info: |   2   | 192.168.10.0 | 0.0.0.0  | 255.255.255.0 |   enp0s8  |   U   |
[   26.904795] cloud-init[1079]: ci-info: +-------+--------------+----------+---------------+-----------+-------+
[   26.909269] cloud-init[1079]: ci-info: +++++++++++++++++++Route IPv6 info+++++++++++++++++++
[   26.913433] cloud-init[1079]: ci-info: +-------+-------------+---------+-----------+-------+
[   26.918086] cloud-init[1079]: ci-info: | Route | Destination | Gateway | Interface | Flags |
[   26.923208] cloud-init[1079]: ci-info: +-------+-------------+---------+-----------+-------+
[   26.928576] cloud-init[1079]: ci-info: |   0   |  fe80::/64  |    ::   |   enp0s8  |   U   |
[   26.934561] cloud-init[1079]: ci-info: |   1   |  fe80::/64  |    ::   |   enp0s3  |   U   |
[   26.939933] cloud-init[1079]: ci-info: |   5   |   ff00::/8  |    ::   |   enp0s8  |   U   |
[   26.943936] cloud-init[1079]: ci-info: |   6   |   ff00::/8  |    ::   |   enp0s3  |   U   |
[   26.947699] cloud-init[1079]: ci-info: +-------+-------------+---------+-----------+-------+
[[0;32m  OK  [0m] Started Initial cloud-init job (metadata service crawler).
[[0;32m  OK  [0m] Reached target System Initialization.
[[0;32m  OK  [0m] Listening on UUID daemon activation socket.
[[0;32m  OK  [0m] Started Daily apt download activities.
[[0;32m  OK  [0m] Listening on ACPID Listen Socket.
         Starting LXD - unix socket.
[[0;32m  OK  [0m] Started Daily apt upgrade and clean activities.
[[0;32m  OK  [0m] Started ACPI Events Check.
[[0;32m  OK  [0m] Reached target Paths.
[[0;32m  OK  [0m] Started Daily Cleanup of Temporary Directories.
[[0;32m  OK  [0m] Started Message of the Day.
[[0;32m  OK  [0m] Reached target Timers.
         Starting Socket activation for snappy daemon.
[[0;32m  OK  [0m] Listening on D-Bus System Message Bus Socket.
[[0;32m  OK  [0m] Reached target Network is Online.
         Starting iSCSI initiator daemon (iscsid)...
[[0;32m  OK  [0m] Reached target Cloud-config availability.
[[0;32m  OK  [0m] Listening on LXD - unix socket.
[[0;32m  OK  [0m] Listening on Socket activation for snappy daemon.
[[0;32m  OK  [0m] Reached target Sockets.
[[0;32m  OK  [0m] Reached target Basic System.
         Starting LSB: MD monitoring daemon...
[[0;32m  OK  [0m] Started D-Bus System Message Bus.
         Starting Login Service...
         Starting Virtualbox guest utils...
[[0;32m  OK  [0m] Started Regular background program processing daemon.
         Starting Accounts Service...
         Starting Snappy daemon...
[[0;32m  OK  [0m] Started MongoDB Database Server.
         Starting System Logging Service...
[[0;32m  OK  [0m] Started FUSE filesystem for LXC.
         Starting /etc/rc.local Compatibility...
         Starting LSB: Record successful boot for GRUB...
[[0;32m  OK  [0m] Started ACPI event daemon.
[[0;32m  OK  [0m] Started Deferred execution scheduler.
         Starting OpenBSD Secure Shell server...
         Starting LXD - container startup/shutdown...
[[0;32m  OK  [0m] Started /etc/rc.local Compatibility.
[[0;32m  OK  [0m] Started Login Service.
[[0;32m  OK  [0m] Started Unattended Upgrades Shutdown.
[[0;32m  OK  [0m] Started iSCSI initiator daemon (iscsid).
         Starting Login to default iSCSI targets...
[[0;32m  OK  [0m] Started System Logging Service.
[[0;32m  OK  [0m] Started LSB: Record successful boot for GRUB.
[[0;32m  OK  [0m] Started LSB: MD monitoring daemon.
[[0;32m  OK  [0m] Started Login to default iSCSI targets.
[[0;32m  OK  [0m] Reached target Remote File Systems (Pre).
[[0;32m  OK  [0m] Reached target Remote File Systems.
         Starting LSB: Set the CPU Frequency Scaling governor to "ondemand"...
         Starting LSB: daemon to balance interrupts for SMP systems...
         Starting LSB: automatic crash report generation...
         Starting Permit User Sessions...
[[0;32m  OK  [0m] Started LSB: Set the CPU Frequency Scaling governor to "ondemand".
[[0;32m  OK  [0m] Started Permit User Sessions.
         Starting Terminate Plymouth Boot Screen...
         Starting Hold until boot process finishes up...
[[0;32m  OK  [0m] Started Terminate Plymouth Boot Screen.
[[0;32m  OK  [0m] Started Hold until boot process finishes up.
[[0;32m  OK  [0m] Started Serial Getty on ttyS0.
[[0;32m  OK  [0m] Started Getty on tty1.
[[0;32m  OK  [0m] Reached target Login Prompts.
         Starting Set console scheme...
[[0;32m  OK  [0m] Started Set console scheme.
[[0;32m  OK  [0m] Started LSB: daemon to balance interrupts for SMP systems.
[[0;32m  OK  [0m] Started Virtualbox guest utils.
[[0;32m  OK  [0m] Started LSB: automatic crash report generation.
         Starting Authenticate and Authorize Users to Run Privileged Tasks...
[[0;32m  OK  [0m] Started OpenBSD Secure Shell server.
[[0;32m  OK  [0m] Started Authenticate and Authorize Users to Run Privileged Tasks.
[[0;32m  OK  [0m] Started Accounts Service.
[[0;32m  OK  [0m] Created slice User Slice of vagrant.
         Starting User Manager for UID 1000...
[[0;32m  OK  [0m] Started Session 1 of user vagrant.
[[0;32m  OK  [0m] Started User Manager for UID 1000.
[[0;32m  OK  [0m] Started LXD - container startup/shutdown.
[[0;32m  OK  [0m] Started Snappy daemon.
         Starting Wait until snapd is fully seeded...
[[0;32m  OK  [0m] Started Wait until snapd is fully seeded.
         Starting Apply the settings specified in cloud-config...
[[0;32m  OK  [0m] Reached target Multi-User System.
[[0;32m  OK  [0m] Reached target Graphical Interface.
         Starting Update UTMP about System Runlevel Changes...
[[0;32m  OK  [0m] Started Update UTMP about System Runlevel Changes.
[   37.160594] cloud-init[1374]: Cloud-init v. 19.4-33-gbb4131a2-0ubuntu1~16.04.1 running 'modules:config' at Tue, 23 Jun 2020 17:24:00 +0000. Up 36.63 seconds.

Ubuntu 16.04.6 LTS ubuntu-xenial ttyS0

ubuntu-xenial login: [   39.466224] cloud-init[1439]: Cloud-init v. 19.4-33-gbb4131a2-0ubuntu1~16.04.1 running 'modules:final' at Tue, 23 Jun 2020 17:24:02 +0000. Up 38.59 seconds.
[   39.466608] cloud-init[1439]: Cloud-init v. 19.4-33-gbb4131a2-0ubuntu1~16.04.1 finished at Tue, 23 Jun 2020 17:24:02 +0000. Datasource DataSourceNoCloud [seed=/dev/sdb][dsmode=net].  Up 39.42 seconds
