[    0.000000] Initializing cgroup subsys cpuset
[    0.000000] Initializing cgroup subsys cpu
[    0.000000] Initializing cgroup subsys cpuacct
[    0.000000] Linux version 4.4.0-184-generic (buildd@lgw01-amd64-060) (gcc version 5.4.0 20160609 (Ubuntu 5.4.0-6ubuntu1~16.04.12) ) #214-Ubuntu SMP Thu Jun 4 10:14:11 UTC 2020 (Ubuntu 4.4.0-184.214-generic 4.4.223)
[    0.000000] Command line: BOOT_IMAGE=/boot/vmlinuz-4.4.0-184-generic root=LABEL=cloudimg-rootfs ro console=tty1 console=ttyS0
[    0.000000] KERNEL supported cpus:
[    0.000000]   Intel GenuineIntel
[    0.000000]   AMD AuthenticAMD
[    0.000000]   Centaur CentaurHauls
[    0.000000] x86/fpu: xstate_offset[2]:  576, xstate_sizes[2]:  256
[    0.000000] x86/fpu: Supporting XSAVE feature 0x01: 'x87 floating point registers'
[    0.000000] x86/fpu: Supporting XSAVE feature 0x02: 'SSE registers'
[    0.000000] x86/fpu: Supporting XSAVE feature 0x04: 'AVX registers'
[    0.000000] x86/fpu: Enabled xstate features 0x7, context size is 832 bytes, using 'standard' format.
[    0.000000] e820: BIOS-provided physical RAM map:
[    0.000000] BIOS-e820: [mem 0x0000000000000000-0x000000000009fbff] usable
[    0.000000] BIOS-e820: [mem 0x000000000009fc00-0x000000000009ffff] reserved
[    0.000000] BIOS-e820: [mem 0x00000000000f0000-0x00000000000fffff] reserved
[    0.000000] BIOS-e820: [mem 0x0000000000100000-0x000000003ffeffff] usable
[    0.000000] BIOS-e820: [mem 0x000000003fff0000-0x000000003fffffff] ACPI data
[    0.000000] BIOS-e820: [mem 0x00000000fec00000-0x00000000fec00fff] reserved
[    0.000000] BIOS-e820: [mem 0x00000000fee00000-0x00000000fee00fff] reserved
[    0.000000] BIOS-e820: [mem 0x00000000fffc0000-0x00000000ffffffff] reserved
[    0.000000] NX (Execute Disable) protection: active
[    0.000000] SMBIOS 2.5 present.
[    0.000000] Hypervisor detected: KVM
[    0.000000] e820: last_pfn = 0x3fff0 max_arch_pfn = 0x400000000
[    0.000000] MTRR: Disabled
[    0.000000] x86/PAT: MTRRs disabled, skipping PAT initialization too.
[    0.000000] CPU MTRRs all blank - virtualized system.
[    0.000000] x86/PAT: Configuration [0-7]: WB  WT  UC- UC  WB  WT  UC- UC  
[    0.000000] found SMP MP-table at [mem 0x0009fff0-0x0009ffff] mapped at [ffff88000009fff0]
[    0.000000] Scanning 1 areas for low memory corruption
[    0.000000] RAMDISK: [mem 0x362de000-0x37166fff]
[    0.000000] ACPI: Early table checksum verification disabled
[    0.000000] ACPI: RSDP 0x00000000000E0000 000024 (v02 VBOX  )
[    0.000000] ACPI: XSDT 0x000000003FFF0030 00003C (v01 VBOX   VBOXXSDT 00000001 ASL  00000061)
[    0.000000] ACPI: FACP 0x000000003FFF00F0 0000F4 (v04 VBOX   VBOXFACP 00000001 ASL  00000061)
[    0.000000] ACPI: DSDT 0x000000003FFF0470 002325 (v02 VBOX   VBOXBIOS 00000002 INTL 20100528)
[    0.000000] ACPI: FACS 0x000000003FFF0200 000040
[    0.000000] ACPI: FACS 0x000000003FFF0200 000040
[    0.000000] ACPI: APIC 0x000000003FFF0240 00005C (v02 VBOX   VBOXAPIC 00000001 ASL  00000061)
[    0.000000] ACPI: SSDT 0x000000003FFF02A0 0001CC (v01 VBOX   VBOXCPUT 00000002 INTL 20100528)
[    0.000000] No NUMA configuration found
[    0.000000] Faking a node at [mem 0x0000000000000000-0x000000003ffeffff]
[    0.000000] NODE_DATA(0) allocated [mem 0x3ffeb000-0x3ffeffff]
[    0.000000] kvm-clock: Using msrs 4b564d01 and 4b564d00
[    0.000000] kvm-clock: cpu 0, msr 0:3ffe3001, primary cpu clock
[    0.000000] kvm-clock: using sched offset of 6473340439 cycles
[    0.000000] clocksource: kvm-clock: mask: 0xffffffffffffffff max_cycles: 0x1cd42e4dffb, max_idle_ns: 881590591483 ns
[    0.000000] Zone ranges:
[    0.000000]   DMA      [mem 0x0000000000001000-0x0000000000ffffff]
[    0.000000]   DMA32    [mem 0x0000000001000000-0x000000003ffeffff]
[    0.000000]   Normal   empty
[    0.000000]   Device   empty
[    0.000000] Movable zone start for each node
[    0.000000] Early memory node ranges
[    0.000000]   node   0: [mem 0x0000000000001000-0x000000000009efff]
[    0.000000]   node   0: [mem 0x0000000000100000-0x000000003ffeffff]
[    0.000000] Initmem setup node 0 [mem 0x0000000000001000-0x000000003ffeffff]
[    0.000000] ACPI: PM-Timer IO Port: 0x4008
[    0.000000] IOAPIC[0]: apic_id 2, version 32, address 0xfec00000, GSI 0-23
[    0.000000] ACPI: INT_SRC_OVR (bus 0 bus_irq 0 global_irq 2 dfl dfl)
[    0.000000] ACPI: INT_SRC_OVR (bus 0 bus_irq 9 global_irq 9 low level)
[    0.000000] Using ACPI (MADT) for SMP configuration information
[    0.000000] smpboot: Allowing 2 CPUs, 0 hotplug CPUs
[    0.000000] PM: Registered nosave memory: [mem 0x00000000-0x00000fff]
[    0.000000] PM: Registered nosave memory: [mem 0x0009f000-0x0009ffff]
[    0.000000] PM: Registered nosave memory: [mem 0x000a0000-0x000effff]
[    0.000000] PM: Registered nosave memory: [mem 0x000f0000-0x000fffff]
[    0.000000] e820: [mem 0x40000000-0xfebfffff] available for PCI devices
[    0.000000] Booting paravirtualized kernel on KVM
[    0.000000] clocksource: refined-jiffies: mask: 0xffffffff max_cycles: 0xffffffff, max_idle_ns: 7645519600211568 ns
[    0.000000] setup_percpu: NR_CPUS:512 nr_cpumask_bits:512 nr_cpu_ids:2 nr_node_ids:1
[    0.000000] PERCPU: Embedded 33 pages/cpu @ffff88003fc00000 s95448 r8192 d31528 u1048576
[    0.000000] Built 1 zonelists in Node order, mobility grouping on.  Total pages: 257912
[    0.000000] Policy zone: DMA32
[    0.000000] Kernel command line: BOOT_IMAGE=/boot/vmlinuz-4.4.0-184-generic root=LABEL=cloudimg-rootfs ro console=tty1 console=ttyS0
[    0.000000] PID hash table entries: 4096 (order: 3, 32768 bytes)
[    0.000000] Memory: 997664K/1048120K available (8632K kernel code, 1336K rwdata, 4036K rodata, 1492K init, 1292K bss, 50456K reserved, 0K cma-reserved)
[    0.000000] SLUB: HWalign=64, Order=0-3, MinObjects=0, CPUs=2, Nodes=1
[    0.000000] Kernel/User page tables isolation: enabled
[    0.000000] Hierarchical RCU implementation.
[    0.000000] 	Build-time adjustment of leaf fanout to 64.
[    0.000000] 	RCU restricting CPUs from NR_CPUS=512 to nr_cpu_ids=2.
[    0.000000] RCU: Adjusting geometry for rcu_fanout_leaf=64, nr_cpu_ids=2
[    0.000000] NR_IRQS:33024 nr_irqs:440 16
[    0.000000] Console: colour VGA+ 80x25
[    0.000000] console [tty1] enabled
[    0.000000] console [ttyS0] enabled
[    0.000000] tsc: Detected 2394.460 MHz processor
[    0.363422] Calibrating delay loop (skipped) preset value.. 4788.92 BogoMIPS (lpj=9577840)
[    0.367338] pid_max: default: 32768 minimum: 301
[    0.369399] ACPI: Core revision 20150930
[    0.375829] ACPI: 2 ACPI AML tables successfully acquired and loaded
[    0.378838] Security Framework initialized
[    0.380807] Yama: becoming mindful.
[    0.382643] AppArmor: AppArmor initialized
[    0.384838] Dentry cache hash table entries: 131072 (order: 8, 1048576 bytes)
[    0.392828] Inode-cache hash table entries: 65536 (order: 7, 524288 bytes)
[    0.396317] Mount-cache hash table entries: 2048 (order: 2, 16384 bytes)
[    0.399120] Mountpoint-cache hash table entries: 2048 (order: 2, 16384 bytes)
[    0.402447] Initializing cgroup subsys io
[    0.404472] Initializing cgroup subsys memory
[    0.406699] Initializing cgroup subsys devices
[    0.408779] Initializing cgroup subsys freezer
[    0.411093] Initializing cgroup subsys net_cls
[    0.413261] Initializing cgroup subsys perf_event
[    0.415911] Initializing cgroup subsys net_prio
[    0.418486] Initializing cgroup subsys hugetlb
[    0.421002] Initializing cgroup subsys pids
[    0.424625] mce: CPU supports 0 MCE banks
[    0.427213] Last level iTLB entries: 4KB 64, 2MB 8, 4MB 8
[    0.430357] Last level dTLB entries: 4KB 64, 2MB 0, 4MB 0, 1GB 4
[    0.433365] Spectre V1 : Mitigation: usercopy/swapgs barriers and __user pointer sanitization
[    0.438582] Spectre V2 : Mitigation: Full generic retpoline
[    0.441616] Spectre V2 : Spectre v2 / SpectreRSB mitigation: Filling RSB on context switch
[    0.446318] Speculative Store Bypass: Vulnerable
[    0.449106] SRBDS: Unknown: Dependent on hypervisor status
[    0.452236] MDS: Vulnerable: Clear CPU buffers attempted, no microcode
[    0.461966] Freeing SMP alternatives memory: 36K
[    0.480399] ftrace: allocating 32319 entries in 127 pages
[    0.617767] smpboot: APIC(0) Converting physical 0 to logical package 0
[    0.620502] smpboot: Max logical packages: 1
[    0.623325] x2apic enabled
[    0.625653] Switched APIC routing to physical x2apic.
[    0.631180] ..TIMER: vector=0x30 apic1=0 pin1=2 apic2=-1 pin2=-1
[    0.742027] smpboot: CPU0: Intel(R) Core(TM) i7-5500U CPU @ 2.40GHz (family: 0x6, model: 0x3d, stepping: 0x4)
[    0.747033] Performance Events: unsupported p6 CPU model 61 no PMU driver, software events only.
[    0.770599] KVM setup paravirtual spinlock
[    0.774057] x86: Booting SMP configuration:
[    0.776719] .... node  #0, CPUs:      #1
[    0.778458] kvm-clock: cpu 1, msr 0:3ffe3041, secondary cpu clock
[    0.781778] mce: CPU supports 0 MCE banks
[    0.785394] x86: Booted up 1 node, 2 CPUs
[    0.788099] smpboot: Total of 2 processors activated (9577.84 BogoMIPS)
[    0.791656] devtmpfs: initialized
[    0.807216] evm: security.selinux
[    0.808934] evm: security.SMACK64
[    0.810636] evm: security.SMACK64EXEC
[    0.812405] evm: security.SMACK64TRANSMUTE
[    0.814386] evm: security.SMACK64MMAP
[    0.816212] evm: security.ima
[    0.817909] evm: security.capability
[    0.820066] clocksource: jiffies: mask: 0xffffffff max_cycles: 0xffffffff, max_idle_ns: 7645041785100000 ns
[    0.824282] futex hash table entries: 512 (order: 3, 32768 bytes)
[    0.826979] pinctrl core: initialized pinctrl subsystem
[    0.829471] RTC time: 10:47:12, date: 06/24/20
[    0.831800] NET: Registered protocol family 16
[    0.844241] cpuidle: using governor ladder
[    0.860051] cpuidle: using governor menu
[    0.862412] PCCT header not found.
[    0.864521] ACPI: bus type PCI registered
[    0.866677] acpiphp: ACPI Hot Plug PCI Controller Driver version: 0.5
[    0.870053] PCI: Using configuration type 1 for base access
[    0.884791] ACPI: Added _OSI(Module Device)
[    0.887026] ACPI: Added _OSI(Processor Device)
[    0.889164] ACPI: Added _OSI(3.0 _SCP Extensions)
[    0.891390] ACPI: Added _OSI(Processor Aggregator Device)
[    0.895608] ACPI: Executed 1 blocks of module-level executable AML code
[    0.905307] ACPI: Interpreter enabled
[    0.907592] ACPI: (supports S0 S5)
[    0.909569] ACPI: Using IOAPIC for interrupt routing
[    0.912485] PCI: Using host bridge windows from ACPI; if necessary, use "pci=nocrs" and report a bug
[    0.928588] ACPI: PCI Root Bridge [PCI0] (domain 0000 [bus 00-ff])
[    0.931588] acpi PNP0A03:00: _OSC: OS supports [ASPM ClockPM Segments MSI]
[    0.935653] acpi PNP0A03:00: _OSC: not requesting OS control; OS requires [ExtendedConfig ASPM ClockPM MSI]
[    0.940532] acpi PNP0A03:00: fail to add MMCONFIG information, can't access extended PCI configuration space under this bridge.
[    0.950070] PCI host bridge to bus 0000:00
[    0.952353] pci_bus 0000:00: root bus resource [io  0x0000-0x0cf7 window]
[    0.955504] pci_bus 0000:00: root bus resource [io  0x0d00-0xffff window]
[    0.958708] pci_bus 0000:00: root bus resource [mem 0x000a0000-0x000bffff window]
[    0.962806] pci_bus 0000:00: root bus resource [mem 0x40000000-0xfdffffff window]
[    0.966998] pci_bus 0000:00: root bus resource [bus 00-ff]
[    0.973188] pci 0000:00:01.1: legacy IDE quirk: reg 0x10: [io  0x01f0-0x01f7]
[    0.976457] pci 0000:00:01.1: legacy IDE quirk: reg 0x14: [io  0x03f6]
[    0.979134] pci 0000:00:01.1: legacy IDE quirk: reg 0x18: [io  0x0170-0x0177]
[    1.012505] pci 0000:00:01.1: legacy IDE quirk: reg 0x1c: [io  0x0376]
[    1.047604] pci 0000:00:07.0: quirk: [io  0x4000-0x403f] claimed by PIIX4 ACPI
[    1.051699] pci 0000:00:07.0: quirk: [io  0x4100-0x410f] claimed by PIIX4 SMB
[    1.074381] ACPI: PCI Interrupt Link [LNKA] (IRQs 5 9 10 *11)
[    1.078936] ACPI: PCI Interrupt Link [LNKB] (IRQs 5 9 *10 11)
[    1.082464] ACPI: PCI Interrupt Link [LNKC] (IRQs 5 *9 10 11)
[    1.085855] ACPI: PCI Interrupt Link [LNKD] (IRQs 5 9 10 *11)
[    1.089368] ACPI: Enabled 2 GPEs in block 00 to 07
[    1.092476] vgaarb: setting as boot device: PCI:0000:00:02.0
[    1.095163] vgaarb: device added: PCI:0000:00:02.0,decodes=io+mem,owns=io+mem,locks=none
[    1.099567] vgaarb: loaded
[    1.101316] vgaarb: bridge control possible 0000:00:02.0
[    1.104448] SCSI subsystem initialized
[    1.106484] ACPI: bus type USB registered
[    1.108468] usbcore: registered new interface driver usbfs
[    1.111282] usbcore: registered new interface driver hub
[    1.113974] usbcore: registered new device driver usb
[    1.116888] PCI: Using ACPI for IRQ routing
[    1.124137] NetLabel: Initializing
[    1.125922] NetLabel:  domain hash size = 128
[    1.128314] NetLabel:  protocols = UNLABELED CIPSOv4
[    1.130806] NetLabel:  unlabeled traffic allowed by default
[    1.133669] amd_nb: Cannot enumerate AMD northbridges
[    1.136163] clocksource: Switched to clocksource kvm-clock
[    1.164333] AppArmor: AppArmor Filesystem Enabled
[    1.167327] pnp: PnP ACPI init
[    1.171041] pnp: PnP ACPI: found 3 devices
[    1.186386] clocksource: acpi_pm: mask: 0xffffff max_cycles: 0xffffff, max_idle_ns: 2085701024 ns
[    1.190998] NET: Registered protocol family 2
[    1.193623] TCP established hash table entries: 8192 (order: 4, 65536 bytes)
[    1.196876] TCP bind hash table entries: 8192 (order: 5, 131072 bytes)
[    1.199808] TCP: Hash tables configured (established 8192 bind 8192)
[    1.202831] UDP hash table entries: 512 (order: 2, 16384 bytes)
[    1.205616] UDP-Lite hash table entries: 512 (order: 2, 16384 bytes)
[    1.208823] NET: Registered protocol family 1
[    1.211157] pci 0000:00:00.0: Limiting direct PCI/PCI transfers
[    1.213669] pci 0000:00:01.0: Activating ISA DMA hang workarounds
[    1.216694] Unpacking initramfs...
[    1.831746] Freeing initrd memory: 14884K
[    1.834324] RAPL PMU detected, API unit is 2^-32 Joules, 4 fixed counters 10737418240 ms ovfl timer
[    1.838846] hw unit of domain pp0-core 2^-0 Joules
[    1.841349] hw unit of domain package 2^-0 Joules
[    1.843690] hw unit of domain dram 2^-0 Joules
[    1.846148] hw unit of domain pp1-gpu 2^-0 Joules
[    1.848519] clocksource: tsc: mask: 0xffffffffffffffff max_cycles: 0x2283c649547, max_idle_ns: 440795304016 ns
[    1.853451] platform rtc_cmos: registered platform RTC device (no PNP device found)
[    1.857674] Scanning for low memory corruption every 60 seconds
[    1.860774] audit: initializing netlink subsys (disabled)
[    1.863385] audit: type=2000 audit(1592995641.354:1): initialized
[    1.866532] Initialise system trusted keyring
[    1.868830] HugeTLB registered 2 MB page size, pre-allocated 0 pages
[    1.875131] zbud: loaded
[    1.877519] VFS: Disk quotas dquot_6.6.0
[    1.879871] VFS: Dquot-cache hash table entries: 512 (order 0, 4096 bytes)
[    1.883400] squashfs: version 4.0 (2009/01/31) Phillip Lougher
[    1.886795] fuse init (API version 7.23)
[    1.889179] Key type big_key registered
[    1.891353] Allocating IMA MOK and blacklist keyrings.
[    1.896013] Key type asymmetric registered
[    1.898468] Asymmetric key parser 'x509' registered
[    1.900773] Block layer SCSI generic (bsg) driver version 0.4 loaded (major 249)
[    1.904522] io scheduler noop registered
[    1.906769] io scheduler deadline registered (default)
[    1.909375] io scheduler cfq registered
[    1.911891] pci_hotplug: PCI Hot Plug PCI Core version: 0.5
[    1.914839] pciehp: PCI Express Hot Plug Controller Driver version: 0.4
[    1.918272] ACPI: AC Adapter [AC] (on-line)
[    1.920611] input: Power Button as /devices/LNXSYSTM:00/LNXPWRBN:00/input/input0
[    1.924508] ACPI: Power Button [PWRF]
[    1.926750] input: Sleep Button as /devices/LNXSYSTM:00/LNXSLPBN:00/input/input1
[    1.930817] ACPI: Sleep Button [SLPF]
[    1.933196] GHES: HEST is not enabled!
[    1.936537] Serial: 8250/16550 driver, 32 ports, IRQ sharing enabled
[    1.937036] ACPI: Battery Slot [BAT0] (battery present)
[    1.963339] 00:02: ttyS0 at I/O 0x3f8 (irq = 4, base_baud = 115200) is a 16550A
[    1.973583] Linux agpgart interface v0.103
[    1.979103] loop: module loaded
[    1.981997] scsi host0: ata_piix
[    1.983872] scsi host1: ata_piix
[    1.985667] ata1: PATA max UDMA/33 cmd 0x1f0 ctl 0x3f6 bmdma 0xd000 irq 14
[    1.988562] ata2: PATA max UDMA/33 cmd 0x170 ctl 0x376 bmdma 0xd008 irq 15
[    1.991776] libphy: Fixed MDIO Bus: probed
[    1.993854] tun: Universal TUN/TAP device driver, 1.6
[    1.996196] tun: (C) 1999-2004 Max Krasnyansky <maxk@qualcomm.com>
[    1.999085] PPP generic driver version 2.4.2
[    2.001289] ehci_hcd: USB 2.0 'Enhanced' Host Controller (EHCI) Driver
[    2.003973] ehci-pci: EHCI PCI platform driver
[    2.006123] ehci-platform: EHCI generic platform driver
[    2.008662] ohci_hcd: USB 1.1 'Open' Host Controller (OHCI) Driver
[    2.011214] ohci-pci: OHCI PCI platform driver
[    2.013298] ohci-platform: OHCI generic platform driver
[    2.015730] uhci_hcd: USB Universal Host Controller Interface driver
[    2.018606] i8042: PNP: PS/2 Controller [PNP0303:PS2K,PNP0f03:PS2M] at 0x60,0x64 irq 1,12
[    2.023286] serio: i8042 KBD port at 0x60,0x64 irq 1
[    2.025562] serio: i8042 AUX port at 0x60,0x64 irq 12
[    2.028320] mousedev: PS/2 mouse device common for all mice
[    2.031307] input: AT Translated Set 2 keyboard as /devices/platform/i8042/serio0/input/input2
[    2.036000] rtc_cmos rtc_cmos: rtc core: registered rtc_cmos as rtc0
[    2.038885] rtc_cmos rtc_cmos: alarms up to one day, 114 bytes nvram
[    2.041544] i2c /dev entries driver
[    2.043389] device-mapper: uevent: version 1.0.3
[    2.045721] device-mapper: ioctl: 4.34.0-ioctl (2015-10-28) initialised: dm-devel@redhat.com
[    2.049764] ledtrig-cpu: registered to indicate activity on CPUs
[    2.053052] NET: Registered protocol family 10
[    2.055436] NET: Registered protocol family 17
[    2.057679] Key type dns_resolver registered
[    2.060503] registered taskstats version 1
[    2.062426] Loading compiled-in X.509 certificates
[    2.065574] Loaded X.509 cert 'Build time autogenerated kernel key: b6ae09eed57f82583ccd3c65c463e852cdd7a0b5'
[    2.070217] zswap: loaded using pool lzo/zbud
[    2.074773] Key type trusted registered
[    2.081984] Key type encrypted registered
[    2.083864] AppArmor: AppArmor sha1 policy hashing enabled
[    2.086265] ima: No TPM chip found, activating TPM-bypass!
[    2.088697] ima: Allocated hash algorithm: sha1
[    2.090754] evm: HMAC attrs: 0x1
[    2.093075]   Magic number: 8:100:781
[    2.095120] rtc_cmos rtc_cmos: setting system clock to 2020-06-24 10:47:13 UTC (1592995633)
[    2.099421] BIOS EDD facility v0.16 2004-Jun-25, 0 devices found
[    2.101974] EDD information not available.
[    2.175755] Freeing unused kernel memory: 1492K
[    2.178231] Write protecting the kernel read-only data: 14336k
[    2.181905] Freeing unused kernel memory: 1596K
[    2.184689] Freeing unused kernel memory: 60K
Loading, please wait...
starting version 229
[    2.211901] random: systemd-udevd: uninitialized urandom read (16 bytes read, 5 bits of entropy available)
[    2.212952] random: udevadm: uninitialized urandom read (16 bytes read, 5 bits of entropy available)
[    2.212982] random: udevadm: uninitialized urandom read (16 bytes read, 5 bits of entropy available)
[    2.230088] random: systemd-udevd: uninitialized urandom read (16 bytes read, 5 bits of entropy available)
[    2.237651] random: systemd-udevd: uninitialized urandom read (16 bytes read, 5 bits of entropy available)
[    2.238098] random: udevadm: uninitialized urandom read (16 bytes read, 5 bits of entropy available)
[    2.238210] random: udevadm: uninitialized urandom read (16 bytes read, 5 bits of entropy available)
[    2.238608] random: udevadm: uninitialized urandom read (16 bytes read, 5 bits of entropy available)
[    2.238801] random: udevadm: uninitialized urandom read (16 bytes read, 5 bits of entropy available)
[    2.238942] random: udevadm: uninitialized urandom read (16 bytes read, 5 bits of entropy available)
[    2.371958] e1000: Intel(R) PRO/1000 Network Driver - version 7.3.21-k8-NAPI
[    2.375956] e1000: Copyright (c) 1999-2006 Intel Corporation.
[    2.381731] Fusion MPT base driver 3.04.20
[    2.384605] Copyright (c) 1999-2008 LSI Corporation
[    2.412970] AVX2 version of gcm_enc/dec engaged.
[    2.415073] AES CTR mode by8 optimization enabled
[    2.422209] Fusion MPT SPI Host driver 3.04.20
[    2.618298] input: ImExPS/2 Generic Explorer Mouse as /devices/platform/i8042/serio1/input/input4
[    3.341810] e1000 0000:00:03.0 eth0: (PCI:33MHz:32-bit) 02:89:fa:04:16:8f
[    3.344822] e1000 0000:00:03.0 eth0: Intel(R) PRO/1000 Network Connection
[    4.570141] e1000 0000:00:08.0 eth1: (PCI:33MHz:32-bit) 08:00:27:ab:8e:6d
[    4.576604] e1000 0000:00:08.0 eth1: Intel(R) PRO/1000 Network Connection
[    4.588907] mptbase: ioc0: Initiating bringup
[    4.591637] e1000 0000:00:03.0 enp0s3: renamed from eth0
[    4.600767] e1000 0000:00:08.0 enp0s8: renamed from eth1
[    4.657507] ioc0: LSI53C1030 A0: Capabilities={Initiator}
[    4.832555] scsi host2: ioc0: LSI53C1030 A0, FwRev=00000000h, Ports=1, MaxQ=256, IRQ=20
[    4.961525] scsi 2:0:0:0: Direct-Access     VBOX     HARDDISK         1.0  PQ: 0 ANSI: 5
[    5.001625] scsi target2:0:0: Beginning Domain Validation
[    5.006619] scsi target2:0:0: Domain Validation skipping write tests
[    5.010081] scsi target2:0:0: Ending Domain Validation
[    5.013059] scsi target2:0:0: asynchronous
[    5.016493] scsi 2:0:1:0: Direct-Access     VBOX     HARDDISK         1.0  PQ: 0 ANSI: 5
[    5.020966] scsi target2:0:1: Beginning Domain Validation
[    5.025529] scsi target2:0:1: Domain Validation skipping write tests
[    5.028165] scsi target2:0:1: Ending Domain Validation
[    5.030547] scsi target2:0:1: asynchronous
[    5.041396] sd 2:0:0:0: [sda] 20971520 512-byte logical blocks: (10.7 GB/10.0 GiB)
[    5.041760] sd 2:0:0:0: Attached scsi generic sg0 type 0
[    5.053007] sd 2:0:0:0: [sda] Write Protect is off
[    5.055786] sd 2:0:1:0: Attached scsi generic sg1 type 0
[    5.058461] sd 2:0:1:0: [sdb] 20480 512-byte logical blocks: (10.5 MB/10.0 MiB)
[    5.062554] sd 2:0:0:0: [sda] Incomplete mode parameter data
[    5.065309] sd 2:0:0:0: [sda] Assuming drive cache: write through
[    5.065971] sd 2:0:1:0: [sdb] Write Protect is off
[    5.066322] sd 2:0:1:0: [sdb] Incomplete mode parameter data
[    5.066327] sd 2:0:1:0: [sdb] Assuming drive cache: write through
[    5.099526]  sda: sda1
[    5.102981] sd 2:0:0:0: [sda] Attached SCSI disk
[    5.111218] sd 2:0:1:0: [sdb] Attached SCSI disk
Begin: Loading essential drivers ... [    7.203030] md: linear personality registered for level -1
[    7.211273] md: multipath personality registered for level -4
[    7.219183] md: raid0 personality registered for level 0
[    7.230348] md: raid1 personality registered for level 1
[    7.308377] raid6: sse2x1   gen()  2236 MB/s
[    7.376853] raid6: sse2x1   xor()  1296 MB/s
[    7.444190] raid6: sse2x2   gen()  3932 MB/s
[    7.512443] raid6: sse2x2   xor()  2139 MB/s
[    7.580825] raid6: sse2x4   gen()  6145 MB/s
[    7.648206] raid6: sse2x4   xor()  3523 MB/s
[    7.716514] raid6: avx2x1   gen()  5012 MB/s
[    7.784901] raid6: avx2x2   gen()  9533 MB/s
[    7.852200] raid6: avx2x4   gen() 12018 MB/s
[    7.854543] raid6: using algorithm avx2x4 gen() 12018 MB/s
[    7.857381] raid6: using avx2x2 recovery algorithm
[    7.861808] xor: automatically using best checksumming function:
[    7.905895]    avx       : 14509.000 MB/sec
[    7.918752] async_tx: api initialized (async)
[    7.939309] md: raid6 personality registered for level 6
[    7.942045] md: raid5 personality registered for level 5
[    7.944440] md: raid4 personality registered for level 4
[    7.958411] md: raid10 personality registered for level 10
done.
Begin: Running /scripts/init-premount ... done.
Begin: Mounting root file system ... Begin: Running /scripts/local-top ... done.
Begin: Running /scripts/local-premount ... [    8.027760] Btrfs loaded
Scanning for Btrfs filesystems
done.
Warning: fsck not present, so skipping root file system
[    8.185646] EXT4-fs (sda1): mounted filesystem with ordered data mode. Opts: (null)
done.
Begin: Running /scripts/local-bottom ... done.
Begin: Running /scripts/init-bottom ... done.
[    9.018997] random: nonblocking pool is initialized
[    9.343875] systemd[1]: systemd 229 running in system mode. (+PAM +AUDIT +SELINUX +IMA +APPARMOR +SMACK +SYSVINIT +UTMP +LIBCRYPTSETUP +GCRYPT +GNUTLS +ACL +XZ -LZ4 +SECCOMP +BLKID +ELFUTILS +KMOD -IDN)
[    9.360697] systemd[1]: Detected virtualization oracle.
[    9.364448] systemd[1]: Detected architecture x86-64.

Welcome to [1mUbuntu 16.04.6 LTS[0m!

[    9.432503] systemd[1]: Set hostname to <ubuntu>.
[    9.480433] systemd[1]: Initializing machine ID from random generator.
[    9.484016] systemd[1]: Installed transient /etc/machine-id file.
[   11.375389] systemd[1]: Listening on Journal Socket.
[[0;32m  OK  [0m] Listening on Journal Socket.
[   11.380765] systemd[1]: Listening on udev Control Socket.
[[0;32m  OK  [0m] Listening on udev Control Socket.
[   11.386303] systemd[1]: Reached target User and Group Name Lookups.
[[0;32m  OK  [0m] Reached target User and Group Name Lookups.
[   11.392857] systemd[1]: Started Forward Password Requests to Wall Directory Watch.
[[0;32m  OK  [0m] Started Forward Password Requests to Wall Directory Watch.
[   11.400429] systemd[1]: Listening on Device-mapper event daemon FIFOs.
[[0;32m  OK  [0m] Listening on Device-mapper event daemon FIFOs.
[   11.406184] systemd[1]: Reached target Encrypted Volumes.
[[0;32m  OK  [0m] Reached target Encrypted Volumes.
[   11.410436] systemd[1]: Listening on /dev/initctl Compatibility Named Pipe.
[[0;32m  OK  [0m] Listening on /dev/initctl Compatibility Named Pipe.
[   11.415297] systemd[1]: Reached target Swap.
[[0;32m  OK  [0m] Reached target Swap.
[   11.419055] systemd[1]: Listening on Syslog Socket.
[[0;32m  OK  [0m] Listening on Syslog Socket.
[   11.422919] systemd[1]: Listening on LVM2 poll daemon socket.
[[0;32m  OK  [0m] Listening on LVM2 poll daemon socket.
[   11.427601] systemd[1]: Reached target System Time Synchronized.
[[0;32m  OK  [0m] Reached target System Time Synchronized.
[   11.432158] systemd[1]: Listening on Journal Socket (/dev/log).
[[0;32m  OK  [0m] Listening on Journal Socket (/dev/log).
[   11.437232] systemd[1]: Created slice User and Session Slice.
[[0;32m  OK  [0m] Created slice User and Session Slice.
[   11.441590] systemd[1]: Listening on udev Kernel Socket.
[[0;32m  OK  [0m] Listening on udev Kernel Socket.
[   11.446397] systemd[1]: Created slice System Slice.
[[0;32m  OK  [0m] Created slice System Slice.
[   11.461255] systemd[1]: Mounting Huge Pages File System...
         Mounting Huge Pages File System...
[   11.467315] systemd[1]: Starting Uncomplicated firewall...
         Starting Uncomplicated firewall...
[   11.473090] systemd[1]: Mounting POSIX Message Queue File System...
         Mounting POSIX Message Queue File System...
[   11.481456] systemd[1]: Starting Create list of required static device nodes for the current kernel...
         Starting Create list of required st... nodes for the current kernel...
[   11.528662] systemd[1]: Starting Load Kernel Modules...
         Starting Load Kernel Modules...
[   11.534400] systemd[1]: Starting Remount Root and Kernel File Systems...
         Starting Remount Root and Kernel File Systems...
[   11.541172] systemd[1]: Starting Nameserver information manager...
         Starting Nameserver information manager...
[   11.554685] systemd[1]: Starting Set console keymap...
         Starting Set console keymap...
[   11.559516] systemd[1]: Reached target Slices.
[[0;32m  OK  [0m] Reached target Slices.
[   11.564876] systemd[1]: Mounting Debug File System...
         Mounting Debug File System...
[   11.570067] systemd[1]: Set up automount Arbitrary Executable File Formats File System Automount Point.
[[0;32m  OK  [0m] Set up automount Arbitrary Executab...ats File System Automount Point.
[   11.581065] EXT4-fs (sda1): re-mounted. Opts: (null)
[   11.638867] systemd[1]: Created slice system-serial\x2dgetty.slice.
[[0;32m  OK  [0m] Created slice system-serial\x2dgetty.slice.
[   11.646154] systemd[1]: Started Trigger resolvconf update for networkd DNS.
[[0;32m  OK  [0m] Started Trigger resolvconf update for networkd DNS.
[   11.660565] systemd[1]: Listening on LVM2 metadata daemon socket.
[[0;32m  OK  [0m] Listening on LVM2 metadata daemon socket.
[   11.676811] systemd[1]: Starting Monitoring of LVM2 mirrors, snapshots etc. using dmeventd or progress polling...
         Starting Monitoring of LVM2 mirrors... dmeventd or progress polling...
[   11.684852] systemd[1]: Listening on Journal Audit Socket.
[[0;32m  OK  [0m] Listening on Journal Audit Socket.
[   11.691864] systemd[1]: Starting Journal Service...
         Starting Journal Service...
[   11.702931] systemd[1]: Mounted Huge Pages File System.
[[0;32m  OK  [0m] Mounted Huge Pages File System.
[   11.709806] systemd[1]: Mounted POSIX Message Queue File System.
[[0;32m  OK  [0m] Mounted POSIX Message Queue File System.
[   11.715765] systemd[1]: Mounted Debug File System.
[[0;32m  OK  [0m] Mounted Debug File System.
[   11.722615] systemd[1]: Started Uncomplicated firewall.
[[0;32m  OK  [0m] Started Uncomplicated firewall.
[   11.729353] systemd[1]: Started Create list of required static device nodes for the current kernel.
[[0;32m  OK  [0m] Started Create list of required sta...ce nodes for the current kernel.
[   11.737755] systemd[1]: Started Remount Root and Kernel File Systems.
[[0;32m  OK  [0m] Started Remount Root and Kernel File Systems.
[   11.808680] systemd[1]: Starting udev Coldplug all Devices...
         Starting udev Coldplug all Devices...
[   11.815424] systemd[1]: Starting Load/Save Random Seed...
[   11.818861] Loading iSCSI transport class v2.0-870.
         Starting Load/Save Random Seed...
[   11.827821] systemd[1]: Starting Create Static Device Nodes in /dev...
         Starting Create Static Device Nodes in /dev...
[   12.059320] systemd[1]: Started Load/Save Random Seed.
[[0;32m  OK  [0m] Started Load/Save Random Seed.
[   12.081857] iscsi: registered transport (tcp)
[   12.312622] systemd[1]: Started udev Coldplug all Devices.
[[0;32m  OK  [0m] Started udev Coldplug all Devices.
[   12.440412] systemd[1]: Started Nameserver information manager.
[[0;32m  OK  [0m] Started Nameserver information manager.
[   12.447125] systemd[1]: Started Journal Service.
[[0;32m  OK  [0m] Started Journal Service.
         Starting Flush Journal to Persistent Storage...
[[0;32m  OK  [0m] Started LVM2 metadata daemon.
[   12.514725] iscsi: registered transport (iser)
[[0;32m  OK  [0m] Started Load Kernel Modules.
         Mounting FUSE Control File System...
         Starting Apply Kernel Variables...
[[0;32m  OK  [0m] Mounted FUSE Control File System.
[[0;32m  OK  [0m] Started Set console keymap.
[   12.647923] systemd-journald[396]: Received request to flush runtime journal from PID 1
[[0;32m  OK  [0m] Started Flush Journal to Persistent Storage.
[[0;32m  OK  [0m] Started Apply Kernel Variables.
[[0;32m  OK  [0m] Started Create Static Device Nodes in /dev.
         Starting udev Kernel Device Manager...
[[0;32m  OK  [0m] Started Monitoring of LVM2 mirrors,...ng dmeventd or progress polling.
[[0;32m  OK  [0m] Reached target Local File Systems (Pre).
[[0;32m  OK  [0m] Reached target Local File Systems.
         Starting LSB: AppArmor initialization...
         Starting Set console font and keymap...
         Starting Initial cloud-init job (pre-networking)...
         Starting Tell Plymouth To Write Out Runtime Data...
         Starting Commit a transient machine-id on disk...
         Starting Create Volatile Files and Directories...
[[0;32m  OK  [0m] Started Commit a transient machine-id on disk.
[[0;32m  OK  [0m] Started Tell Plymouth To Write Out Runtime Data.
[[0;32m  OK  [0m] Started Create Volatile Files and Directories.
         Starting Update UTMP about System Boot/Shutdown...
[[0;32m  OK  [0m] Started Update UTMP about System Boot/Shutdown.
[[0;32m  OK  [0m] Started udev Kernel Device Manager.
[[0;32m  OK  [0m] Started Dispatch Password Requests to Console Directory Watch.
[[0;32m  OK  [0m] Found device /dev/ttyS0.
[[0;32m  OK  [0m] Listening on Load/Save RF Kill Switch Status /dev/rfkill Watch.
[[0;32m  OK  [0m] Started Set console font and keymap.
[[0;32m  OK  [0m] Created slice system-getty.slice.
[[0;32m  OK  [0m] Started LSB: AppArmor initialization.
[   20.793513] cloud-init[461]: Cloud-init v. 19.4-33-gbb4131a2-0ubuntu1~16.04.1 running 'init-local' at Wed, 24 Jun 2020 10:47:31 +0000. Up 19.71 seconds.
[[0;32m  OK  [0m] Started Initial cloud-init job (pre-networking).
[[0;32m  OK  [0m] Reached target Network (Pre).
         Starting Raise network interfaces...
[[0;32m  OK  [0m] Started Raise network interfaces.
         Starting Initial cloud-init job (metadata service crawler)...
[[0;32m  OK  [0m] Reached target Network.
[   24.875116] cloud-init[942]: Cloud-init v. 19.4-33-gbb4131a2-0ubuntu1~16.04.1 running 'init' at Wed, 24 Jun 2020 10:47:34 +0000. Up 22.18 seconds.
[   24.879047] cloud-init[942]: ci-info: ++++++++++++++++++++++++++++++++++++++Net device info+++++++++++++++++++++++++++++++++++++++
[   24.885495] cloud-init[942]: ci-info: +--------+-------+----------------------------+---------------+--------+-------------------+
[   24.893011] cloud-init[942]: ci-info: | Device |   Up  |          Address           |      Mask     | Scope  |     Hw-Address    |
[   24.896311] cloud-init[942]: ci-info: +--------+-------+----------------------------+---------------+--------+-------------------+
[   24.901785] cloud-init[942]: ci-info: | enp0s3 |  True |         10.0.2.15          | 255.255.255.0 | global | 02:89:fa:04:16:8f |
[   24.909459] cloud-init[942]: ci-info: | enp0s3 |  True | fe80::89:faff:fe04:168f/64 |       .       |  link  | 02:89:fa:04:16:8f |
[   24.916943] cloud-init[942]: ci-info: | enp0s8 | False |             .              |       .       |   .    | 08:00:27:ab:8e:6d |
[   24.919877] cloud-init[942]: ci-info: |   lo   |  True |         127.0.0.1          |   255.0.0.0   |  host  |         .         |
[   24.927209] cloud-init[942]: ci-info: |   lo   |  True |          ::1/128           |       .       |  host  |         .         |
[   24.932536] cloud-init[942]: ci-info: +--------+-------+----------------------------+---------------+--------+-------------------+
[   24.936569] cloud-init[942]: ci-info: +++++++++++++++++++++++++++Route IPv4 info++++++++++++++++++++++++++++
[   24.945561] cloud-init[942]: ci-info: +-------+-------------+----------+---------------+-----------+-------+
[   24.949062] cloud-init[942]: ci-info: | Route | Destination | Gateway  |    Genmask    | Interface | Flags |
[   24.952204] cloud-init[942]: ci-info: +-------+-------------+----------+---------------+-----------+-------+
[   24.955119] cloud-init[942]: ci-info: |   0   |   0.0.0.0   | 10.0.2.2 |    0.0.0.0    |   enp0s3  |   UG  |
[   24.957978] cloud-init[942]: ci-info: |   1   |   10.0.2.0  | 0.0.0.0  | 255.255.255.0 |   enp0s3  |   U   |
[   24.964986] cloud-init[942]: ci-info: +-------+-------------+----------+---------------+-----------+-------+
[   24.968408] cloud-init[942]: ci-info: +++++++++++++++++++Route IPv6 info+++++++++++++++++++
[   24.971275] cloud-init[942]: ci-info: +-------+-------------+---------+-----------+-------+
[   24.974248] cloud-init[942]: ci-info: | Route | Destination | Gateway | Interface | Flags |
[   24.977900] cloud-init[942]: ci-info: +-------+-------------+---------+-----------+-------+
[   24.980717] cloud-init[942]: ci-info: |   0   |  fe80::/64  |    ::   |   enp0s3  |   U   |
[   24.983146] cloud-init[942]: ci-info: |   3   |   ff00::/8  |    ::   |   enp0s3  |   U   |
[   24.985968] cloud-init[942]: ci-info: +-------+-------------+---------+-----------+-------+
[   24.989426] cloud-init[942]: Generating public/private rsa key pair.
[   24.991582] cloud-init[942]: Your identification has been saved in /etc/ssh/ssh_host_rsa_key.
[   24.994170] cloud-init[942]: Your public key has been saved in /etc/ssh/ssh_host_rsa_key.pub.
[   24.997185] cloud-init[942]: The key fingerprint is:
[   24.999290] cloud-init[942]: SHA256:X943yGY0X6tYrEp1brYSLk4yohE1HV7shf+PGf8ESKc root@ubuntu-xenial
[   25.002080] cloud-init[942]: The key's randomart image is:
[   25.004219] cloud-init[942]: +---[RSA 2048]----+
[   25.006151] cloud-init[942]: |       ....      |
[   25.008375] cloud-init[942]: |      o oo .     |
[   25.010158] cloud-init[942]: |     o o. o . .  |
[   25.012026] cloud-init[942]: |    . .  . o +   |
[   25.013774] cloud-init[942]: |   .    S  .E+. .|
[   25.015692] cloud-init[942]: |    .    ..+*++.o|
[   25.017852] cloud-init[942]: |   . . o oo o@B+o|
[   25.019748] cloud-init[942]: |    o . =. oOoo=.|
[   25.021875] cloud-init[942]: |   .    .ooo.o  o|
[   25.023579] cloud-init[942]: +----[SHA256]-----+
[   25.025274] cloud-init[942]: Generating public/private dsa key pair.
[   25.027607] cloud-init[942]: Your identification has been saved in /etc/ssh/ssh_host_dsa_key.
[   25.030073] cloud-init[942]: Your public key has been saved in /etc/ssh/ssh_host_dsa_key.pub.
[   25.033063] cloud-init[942]: The key fingerprint is:
[   25.035114] cloud-init[942]: SHA256:qCsm/Nh/RGGRanCsMJRYev1kBBmvqKQoA2WutgFyRFI root@ubuntu-xenial
[   25.038215] cloud-init[942]: The key's randomart image is:
[   25.039965] cloud-init[942]: +---[DSA 1024]----+
[   25.041807] cloud-init[942]: |++E ++..o        |
[   25.043655] cloud-init[942]: |.B o.= +         |
[   25.045777] cloud-init[942]: |. B = * .        |
[   25.047749] cloud-init[942]: | * o B o         |
[   25.060629] cloud-init[942]: |+.+ o + S        |
[   25.061114] cloud-init[942]: |B+   . .         |
[   25.062075] cloud-init[942]: |Oo  . .          |
[   25.063011] cloud-init[942]: |+oB  . .         |
[[0;32m  OK  [0m] [   25.065191] cloud-init[942]: | =.+o..          |
Started Initial cloud-init job (metadata service crawler).[   25.067000] cloud-init[942]: +----[SHA256]-----+
[   25.068596] cloud-init[942]: Generating public/private ecdsa key pair.
[   25.070330] cloud-init[942]: Your identification has been saved in /etc/ssh/ssh_host_ecdsa_key.
[   25.072334] cloud-init[942]: Your public key has been saved in /etc/ssh/ssh_host_ecdsa_key.pub.
[   25.074432] cloud-init[942]: The key fingerprint is:

[   25.076811] cloud-init[942]: SHA256:9duzmaYFOoH8PiO/SBUniBo+3q9pjtyKzwd3Yw7ac1Y root@ubuntu-xenial
[   25.081014] cloud-init[942]: The key's randomart image is:
[   25.081414] cloud-init[942]: +---[ECDSA 256]---+
[   25.083777] cloud-init[942]: |                 |
[   25.084319] cloud-init[942]: |       . .       |
[   25.086359] cloud-init[942]: |    . . . + .    |
[   25.086912] cloud-init[942]: |   . o . o =     |
[   25.088237] cloud-init[942]: |    +   S o o    |
[   25.089027] cloud-init[942]: |   ..oo +oEo +   |
[[0;32m  OK  [0m] Reached target Network is Online.
[   25.091161] cloud-init[942]: |    .=.=.o+ . +  |
[   25.094376] cloud-init[942]: |   +.o=+=oo. ..= |
[   25.096674] cloud-init[942]: |  ..*===oo++.o+  |
[   25.098578] cloud-init[942]: +----[SHA256]-----+
[   25.100336] cloud-init[942]: Generating public/private ed25519 key pair.
[   25.102802] cloud-init[942]: Your identification has been saved in /etc/ssh/ssh_host_ed25519_key.
[   25.113124] cloud-init[942]: Your public key has been saved in /etc/ssh/ssh_host_ed25519_key.pub.
[   25.113577] cloud-init[942]: The key fingerprint is:
[   25.114457] cloud-init[942]: SHA256:e5Q6Z5QmfI6TEwB9R6s2VL7cU+ghmKBRAzPheaPJeq4 root@ubuntu-xenial
[   25.115571] cloud-init[942]: The key's randomart image is:
         Starting iSCSI initiator daemon (iscsid)...
[   25.117851] cloud-init[942]: +--[ED25519 256]--+
[   25.121985] cloud-init[942]: |    B=+  .o      |
[   25.122812] cloud-init[942]: |   . B.o.=.. .   |
[   25.123679] cloud-init[942]: |    + +.+.+ o .  |
[   25.125819] cloud-init[942]: |   . + = o B o   |
[   25.127075] cloud-init[942]: |    +   S X +    |
[   25.127953] cloud-init[942]: |   .   . #   .   |
[   25.129624] cloud-init[942]: |  . .   O =      |
[   25.130691] cloud-init[942]: |   o     B       |
[   25.133576] cloud-init[942]: |  E..            |
[   25.134368] cloud-init[942]: +----[SHA256]-----+
[[0;32m  OK  [0m] Reached target System Initialization.
[[0;32m  OK  [0m] Started Daily apt download activities.
[[0;32m  OK  [0m] Started Daily Cleanup of Temporary Directories.
[[0;32m  OK  [0m] Started ACPI Events Check.
[[0;32m  OK  [0m] Reached target Paths.
[[0;32m  OK  [0m] Started Message of the Day.
[[0;32m  OK  [0m] Listening on UUID daemon activation socket.
[[0;32m  OK  [0m] Started Daily apt upgrade and clean activities.
[[0;32m  OK  [0m] Reached target Timers.
[[0;32m  OK  [0m] Listening on ACPID Listen Socket.
         Starting Socket activation for snappy daemon.
         Starting LXD - unix socket.
[[0;32m  OK  [0m] Listening on D-Bus System Message Bus Socket.
[[0;32m  OK  [0m] Reached target Cloud-config availability.
[[0;32m  OK  [0m] Listening on Socket activation for snappy daemon.
[[0;32m  OK  [0m] Listening on LXD - unix socket.
[[0;32m  OK  [0m] Reached target Sockets.
[[0;32m  OK  [0m] Reached target Basic System.
         Starting LSB: Record successful boot for GRUB...
         Starting Virtualbox guest utils...
         Starting Login Service...
         Starting Pollinate to seed the pseudo random number generator...
[[0;32m  OK  [0m] Started ACPI event daemon.
         Starting /etc/rc.local Compatibility...
         Starting Snappy daemon...
         Starting System Logging Service...
[[0;32m  OK  [0m] Started D-Bus System Message Bus.
         Starting Accounts Service...
         Starting LSB: MD monitoring daemon...
[[0;32m  OK  [0m] Started Deferred execution scheduler.
[[0;32m  OK  [0m] Started FUSE filesystem for LXC.
         Starting LXD - container startup/shutdown...
[[0;32m  OK  [0m] Started Regular background program processing daemon.
[[0;32m  OK  [0m] Started System Logging Service.
[[0;32m  OK  [0m] Started iSCSI initiator daemon (iscsid).
[[0;32m  OK  [0m] Started /etc/rc.local Compatibility.
         Starting Login to default iSCSI targets...
[[0;32m  OK  [0m] Started Login Service.
[[0;32m  OK  [0m] Started Unattended Upgrades Shutdown.
[[0;32m  OK  [0m] Started LSB: MD monitoring daemon.
[[0;32m  OK  [0m] Started LSB: Record successful boot for GRUB.
[[0;32m  OK  [0m] Started Login to default iSCSI targets.
[[0;32m  OK  [0m] Reached target Remote File Systems (Pre).
[[0;32m  OK  [0m] Reached target Remote File Systems.
         Starting LSB: daemon to balance interrupts for SMP systems...
         Starting Permit User Sessions...
         Starting LSB: Set the CPU Frequency Scaling governor to "ondemand"...
         Starting LSB: automatic crash report generation...
[[0;32m  OK  [0m] Started LSB: Set the CPU Frequency Scaling governor to "ondemand".
[[0;32m  OK  [0m] Started Permit User Sessions.
         Starting Terminate Plymouth Boot Screen...
         Starting Hold until boot process finishes up...
[[0;32m  OK  [0m] Started Terminate Plymouth Boot Screen.
[[0;32m  OK  [0m] Started Hold until boot process finishes up.
         Starting Set console scheme...
[[0;32m  OK  [0m] Started Serial Getty on ttyS0.
[[0;32m  OK  [0m] Started Getty on tty1.
[[0;32m  OK  [0m] Reached target Login Prompts.
[[0;32m  OK  [0m] Started Set console scheme.
[[0;32m  OK  [0m] Started LSB: automatic crash report generation.
[[0;32m  OK  [0m] Started Virtualbox guest utils.
[[0;32m  OK  [0m] Started LSB: daemon to balance interrupts for SMP systems.
         Starting Authenticate and Authorize Users to Run Privileged Tasks...
[[0;32m  OK  [0m] Started Authenticate and Authorize Users to Run Privileged Tasks.
[[0;32m  OK  [0m] Started Accounts Service.
[[0;32m  OK  [0m] Started Snappy daemon.
         Starting Wait until snapd is fully seeded...
[[0;32m  OK  [0m] Started Pollinate to seed the pseudo random number generator.
         Starting OpenBSD Secure Shell server...

Ubuntu 16.04.6 LTS ubuntu-xenial ttyS0

ubuntu-xenial login: [   41.416450] cloud-init[1454]: Generating locales (this might take a while)...
[   44.709909] cloud-init[1454]:   en_US.UTF-8... done
[   44.711489] cloud-init[1454]: Generation complete.
[   46.829169] cloud-init[1454]: Cloud-init v. 19.4-33-gbb4131a2-0ubuntu1~16.04.1 running 'modules:config' at Wed, 24 Jun 2020 10:47:52 +0000. Up 40.73 seconds.
ci-info: no authorized SSH keys fingerprints found for user ubuntu.
<14>Jun 24 10:48:00 ec2: 
<14>Jun 24 10:48:00 ec2: #############################################################
<14>Jun 24 10:48:00 ec2: -----BEGIN SSH HOST KEY FINGERPRINTS-----
<14>Jun 24 10:48:00 ec2: 1024 SHA256:qCsm/Nh/RGGRanCsMJRYev1kBBmvqKQoA2WutgFyRFI root@ubuntu-xenial (DSA)
<14>Jun 24 10:48:00 ec2: 256 SHA256:9duzmaYFOoH8PiO/SBUniBo+3q9pjtyKzwd3Yw7ac1Y root@ubuntu-xenial (ECDSA)
<14>Jun 24 10:48:00 ec2: 256 SHA256:e5Q6Z5QmfI6TEwB9R6s2VL7cU+ghmKBRAzPheaPJeq4 root@ubuntu-xenial (ED25519)
<14>Jun 24 10:48:00 ec2: 2048 SHA256:X943yGY0X6tYrEp1brYSLk4yohE1HV7shf+PGf8ESKc root@ubuntu-xenial (RSA)
<14>Jun 24 10:48:00 ec2: -----END SSH HOST KEY FINGERPRINTS-----
<14>Jun 24 10:48:00 ec2: #############################################################
-----BEGIN SSH HOST KEY KEYS-----
ecdsa-sha2-nistp256 AAAAE2VjZHNhLXNoYTItbmlzdHAyNTYAAAAIbmlzdHAyNTYAAABBBDKpv4YIZhBhk04Z+5lrQCRrJScR7tTVBC6U/6IrFAfN8x/Dda5kOu+2yFwXgH3ShFPi0yOyqkxfKaus3TkWWfI= root@ubuntu-xenial
ssh-ed25519 AAAAC3NzaC1lZDI1NTE5AAAAIIOB9lEvIvspPRy/ddAMO9KADQjBi8fBw6QF5fBHg8Yz root@ubuntu-xenial
ssh-rsa AAAAB3NzaC1yc2EAAAADAQABAAABAQDEGIKTwviZYN16lI4rA3aHJ3JsNzoAfRDuYzpWjMNyyZxWOerRkfpQO2VV7WYY15+pq/rMAPbN1lcmflPOlYScstl9vZsLXRhkZj27+bpOnPw0+xy7RDsfZ1gEOUpAAqmQsb8jMkZ0W2X3kO9sPGbbwcjiLwMminjxXk1kX2cJznTIsd8a+ZebZs822Y3K5jegyBYMTIWKOGwU0GXwOSyxzvHlwvsN6zduKKeJGG2WMGEPWJzSg3c++oJlrH7omrXzc27tmJ3Bv/vzav4C7H+p6KtZiC3ltZwIeHSQD0TEZVu9bmWKrREwTf30+jjHDwwHNRmvCsQffeltWrusKtmP root@ubuntu-xenial
-----END SSH HOST KEY KEYS-----
[   48.187231] cloud-init[1829]: Cloud-init v. 19.4-33-gbb4131a2-0ubuntu1~16.04.1 running 'modules:final' at Wed, 24 Jun 2020 10:47:59 +0000. Up 47.71 seconds.
[   48.187774] cloud-init[1829]: ci-info: no authorized SSH keys fingerprints found for user ubuntu.
[   48.189430] cloud-init[1829]: Cloud-init v. 19.4-33-gbb4131a2-0ubuntu1~16.04.1 finished at Wed, 24 Jun 2020 10:48:00 +0000. Datasource DataSourceNoCloud [seed=/dev/sdb][dsmode=net].  Up 48.16 seconds
